Archive member included because of file (symbol)

/home/gritbear/bin/gcc-arm-none-eabi/bin/../lib/gcc/arm-none-eabi/4.7.3/../../../../arm-none-eabi/lib/armv7-m/libm.a(lib_a-s_atan.o)
                              bin/sensfusion6.o (atan)
/home/gritbear/bin/gcc-arm-none-eabi/bin/../lib/gcc/arm-none-eabi/4.7.3/../../../../arm-none-eabi/lib/armv7-m/libm.a(lib_a-s_cos.o)
                              bin/imu.o (cos)
/home/gritbear/bin/gcc-arm-none-eabi/bin/../lib/gcc/arm-none-eabi/4.7.3/../../../../arm-none-eabi/lib/armv7-m/libm.a(lib_a-s_fabs.o)
                              /home/gritbear/bin/gcc-arm-none-eabi/bin/../lib/gcc/arm-none-eabi/4.7.3/../../../../arm-none-eabi/lib/armv7-m/libm.a(lib_a-s_atan.o) (fabs)
/home/gritbear/bin/gcc-arm-none-eabi/bin/../lib/gcc/arm-none-eabi/4.7.3/../../../../arm-none-eabi/lib/armv7-m/libm.a(lib_a-s_sin.o)
                              bin/imu.o (sin)
/home/gritbear/bin/gcc-arm-none-eabi/bin/../lib/gcc/arm-none-eabi/4.7.3/../../../../arm-none-eabi/lib/armv7-m/libm.a(lib_a-w_atan2.o)
                              bin/sensfusion6.o (atan2)
/home/gritbear/bin/gcc-arm-none-eabi/bin/../lib/gcc/arm-none-eabi/4.7.3/../../../../arm-none-eabi/lib/armv7-m/libm.a(lib_a-w_sqrt.o)
                              bin/sensfusion6.o (sqrt)
/home/gritbear/bin/gcc-arm-none-eabi/bin/../lib/gcc/arm-none-eabi/4.7.3/../../../../arm-none-eabi/lib/armv7-m/libm.a(lib_a-e_atan2.o)
                              /home/gritbear/bin/gcc-arm-none-eabi/bin/../lib/gcc/arm-none-eabi/4.7.3/../../../../arm-none-eabi/lib/armv7-m/libm.a(lib_a-w_atan2.o) (__ieee754_atan2)
/home/gritbear/bin/gcc-arm-none-eabi/bin/../lib/gcc/arm-none-eabi/4.7.3/../../../../arm-none-eabi/lib/armv7-m/libm.a(lib_a-e_rem_pio2.o)
                              /home/gritbear/bin/gcc-arm-none-eabi/bin/../lib/gcc/arm-none-eabi/4.7.3/../../../../arm-none-eabi/lib/armv7-m/libm.a(lib_a-s_cos.o) (__ieee754_rem_pio2)
/home/gritbear/bin/gcc-arm-none-eabi/bin/../lib/gcc/arm-none-eabi/4.7.3/../../../../arm-none-eabi/lib/armv7-m/libm.a(lib_a-e_sqrt.o)
                              /home/gritbear/bin/gcc-arm-none-eabi/bin/../lib/gcc/arm-none-eabi/4.7.3/../../../../arm-none-eabi/lib/armv7-m/libm.a(lib_a-w_sqrt.o) (__ieee754_sqrt)
/home/gritbear/bin/gcc-arm-none-eabi/bin/../lib/gcc/arm-none-eabi/4.7.3/../../../../arm-none-eabi/lib/armv7-m/libm.a(lib_a-k_cos.o)
                              /home/gritbear/bin/gcc-arm-none-eabi/bin/../lib/gcc/arm-none-eabi/4.7.3/../../../../arm-none-eabi/lib/armv7-m/libm.a(lib_a-s_cos.o) (__kernel_cos)
/home/gritbear/bin/gcc-arm-none-eabi/bin/../lib/gcc/arm-none-eabi/4.7.3/../../../../arm-none-eabi/lib/armv7-m/libm.a(lib_a-k_rem_pio2.o)
                              /home/gritbear/bin/gcc-arm-none-eabi/bin/../lib/gcc/arm-none-eabi/4.7.3/../../../../arm-none-eabi/lib/armv7-m/libm.a(lib_a-e_rem_pio2.o) (__kernel_rem_pio2)
/home/gritbear/bin/gcc-arm-none-eabi/bin/../lib/gcc/arm-none-eabi/4.7.3/../../../../arm-none-eabi/lib/armv7-m/libm.a(lib_a-k_sin.o)
                              /home/gritbear/bin/gcc-arm-none-eabi/bin/../lib/gcc/arm-none-eabi/4.7.3/../../../../arm-none-eabi/lib/armv7-m/libm.a(lib_a-s_cos.o) (__kernel_sin)
/home/gritbear/bin/gcc-arm-none-eabi/bin/../lib/gcc/arm-none-eabi/4.7.3/../../../../arm-none-eabi/lib/armv7-m/libm.a(lib_a-s_floor.o)
                              /home/gritbear/bin/gcc-arm-none-eabi/bin/../lib/gcc/arm-none-eabi/4.7.3/../../../../arm-none-eabi/lib/armv7-m/libm.a(lib_a-k_rem_pio2.o) (floor)
/home/gritbear/bin/gcc-arm-none-eabi/bin/../lib/gcc/arm-none-eabi/4.7.3/../../../../arm-none-eabi/lib/armv7-m/libm.a(lib_a-s_fpclassify.o)
                              /home/gritbear/bin/gcc-arm-none-eabi/bin/../lib/gcc/arm-none-eabi/4.7.3/../../../../arm-none-eabi/lib/armv7-m/libm.a(lib_a-w_sqrt.o) (__fpclassifyd)
/home/gritbear/bin/gcc-arm-none-eabi/bin/../lib/gcc/arm-none-eabi/4.7.3/../../../../arm-none-eabi/lib/armv7-m/libm.a(lib_a-s_lib_ver.o)
                              /home/gritbear/bin/gcc-arm-none-eabi/bin/../lib/gcc/arm-none-eabi/4.7.3/../../../../arm-none-eabi/lib/armv7-m/libm.a(lib_a-w_sqrt.o) (__fdlib_version)
/home/gritbear/bin/gcc-arm-none-eabi/bin/../lib/gcc/arm-none-eabi/4.7.3/../../../../arm-none-eabi/lib/armv7-m/libm.a(lib_a-s_matherr.o)
                              /home/gritbear/bin/gcc-arm-none-eabi/bin/../lib/gcc/arm-none-eabi/4.7.3/../../../../arm-none-eabi/lib/armv7-m/libm.a(lib_a-w_sqrt.o) (matherr)
/home/gritbear/bin/gcc-arm-none-eabi/bin/../lib/gcc/arm-none-eabi/4.7.3/../../../../arm-none-eabi/lib/armv7-m/libm.a(lib_a-s_scalbn.o)
                              /home/gritbear/bin/gcc-arm-none-eabi/bin/../lib/gcc/arm-none-eabi/4.7.3/../../../../arm-none-eabi/lib/armv7-m/libm.a(lib_a-k_rem_pio2.o) (scalbn)
/home/gritbear/bin/gcc-arm-none-eabi/bin/../lib/gcc/arm-none-eabi/4.7.3/../../../../arm-none-eabi/lib/armv7-m/libm.a(lib_a-s_copysign.o)
[...]
Memory Configuration

Name             Origin             Length             Attributes
RAM              0x20000000         0x00005000         xrw
FLASH            0x08000000         0x00020000         xr
FLASHPATCH       0x00000000         0x00000000         r
ENDFLASH         0x00000000         0x00000000         xr
FLASHB1          0x00000000         0x00000000         xr
EXTMEMB0         0x00000000         0x00000000         xr
EXTMEMB1         0x00000000         0x00000000         xr
EXTMEMB2         0x00000000         0x00000000         xr
EXTMEMB3         0x00000000         0x00000000         xr
*default*        0x00000000         0xffffffff

Linker script and memory map

LOAD /home/gritbear/bin/gcc-arm-none-eabi/bin/../lib/gcc/arm-none-eabi/4.7.3/armv7-m/crti.o
LOAD /home/gritbear/bin/gcc-arm-none-eabi/bin/../lib/gcc/arm-none-eabi/4.7.3/armv7-m/crtbegin.o
LOAD /home/gritbear/bin/gcc-arm-none-eabi/bin/../lib/gcc/arm-none-eabi/4.7.3/../../../../arm-none-eabi/lib/armv7-m/crt0.o
LOAD bin/startup_stm32f10x_md.o
LOAD bin/list.o
LOAD bin/tasks.o
LOAD bin/queue.o
LOAD bin/timers.o
LOAD bin/heap_4.o
LOAD bin/port.o
LOAD bin/misc.o
LOAD bin/stm32f10x_adc.o
LOAD bin/stm32f10x_dbgmcu.o
LOAD bin/stm32f10x_dma.o
LOAD bin/stm32f10x_exti.o
LOAD bin/stm32f10x_flash.o
LOAD bin/stm32f10x_gpio.o
LOAD bin/stm32f10x_i2c.o
LOAD bin/stm32f10x_iwdg.o
LOAD bin/stm32f10x_rcc.o
LOAD bin/stm32f10x_spi.o
LOAD bin/stm32f10x_tim.o
LOAD bin/stm32f10x_usart.o
LOAD bin/main.o
LOAD bin/led.o
LOAD bin/uart.o
LOAD bin/adc.o
LOAD bin/nrf24l01.o
LOAD bin/exti.o
LOAD bin/nvic.o
LOAD bin/motors.o
LOAD bin/mpu6050.o
LOAD bin/i2cdev.o
LOAD bin/i2croutines.o
LOAD bin/hmc5883l.o
LOAD bin/ms5611.o
LOAD bin/crtp.o
LOAD bin/ledseq.o
LOAD bin/freeRTOSdebug.o
LOAD bin/imu.o
LOAD bin/pm.o
LOAD bin/radiolink.o
LOAD bin/eskylink.o
LOAD bin/system.o
LOAD bin/comm.o
LOAD bin/console.o
LOAD bin/pid.o
LOAD bin/crtpservice.o
LOAD bin/param.o
LOAD bin/commander.o
LOAD bin/controller.o
LOAD bin/sensfusion6.o
LOAD bin/stabilizer.o
LOAD bin/log.o
LOAD bin/worker.o
LOAD bin/filter.o
LOAD bin/cpuid.o
LOAD bin/cfassert.o
LOAD bin/configblock.o
LOAD bin/eprintf.o
LOAD bin/crc.o
LOAD bin/fp16.o
LOAD bin/debug.o
LOAD bin/version.o
LOAD /home/gritbear/bin/gcc-arm-none-eabi/bin/../lib/gcc/arm-none-eabi/4.7.3/../../../../arm-none-eabi/lib/armv7-m/libm.a
START GROUP
LOAD /home/gritbear/bin/gcc-arm-none-eabi/bin/../lib/gcc/arm-none-eabi/4.7.3/armv7-m/libgcc.a
LOAD /home/gritbear/bin/gcc-arm-none-eabi/bin/../lib/gcc/arm-none-eabi/4.7.3/../../../../arm-none-eabi/lib/armv7-m/libc.a
END GROUP
LOAD /home/gritbear/bin/gcc-arm-none-eabi/bin/../lib/gcc/arm-none-eabi/4.7.3/armv7-m/crtend.o
LOAD /home/gritbear/bin/gcc-arm-none-eabi/bin/../lib/gcc/arm-none-eabi/4.7.3/armv7-m/crtn.o
                0x00000400                __Stack_Size = 0x400
                0x00000400                PROVIDE (_Stack_Size, __Stack_Size)
                0x20004c00                __Stack_Init = (_estack - __Stack_Size)
                0x20004c00                PROVIDE (_Stack_Init, __Stack_Init)
                0x00000100                _Minimum_Stack_Size = 0x100
                0x00000000                PROVIDE (Undefined_Handler, 0x0)
                0x00000000                PROVIDE (SWI_Handler, 0x0)
                0x00000000                PROVIDE (IRQ_Handler, 0x0)
                0x00000000                PROVIDE (Prefetch_Handler, 0x0)
                0x00000000                PROVIDE (Abort_Handler, 0x0)
                0x00000000                PROVIDE (FIQ_Handler, 0x0)
                0x00000000                PROVIDE (NMIException, 0x0)
                0x00000000                PROVIDE (NMI_Handler, 0x0)
                0x00000000                PROVIDE (HardFaultException, 0x0)
                0x00000000                PROVIDE (HardFault_Handler, 0x0)
                0x00000000                PROVIDE (MemManageException, 0x0)
                0x00000000                PROVIDE (MemManage_Handler, 0x0)
                0x00000000                PROVIDE (BusFaultException, 0x0)
                0x00000000                PROVIDE (BusFault_Handler, 0x0)
                0x00000000                PROVIDE (UsageFaultException, 0x0)
                0x00000000                PROVIDE (UsageFault_Handler, 0x0)
                0x00000000                PROVIDE (SVCHandler, 0x0)
                0x00000000                PROVIDE (SVC_Handler, 0x0)
                0x00000000                PROVIDE (DebugMonitor, 0x0)
                0x00000000                PROVIDE (DebugMon_Handler, 0x0)
                0x00000000                PROVIDE (PendSVC, 0x0)
                0x00000000                PROVIDE (PendSV_Handler, 0x0)
                0x00000000                PROVIDE (SysTickHandler, 0x0)
                0x00000000                PROVIDE (SysTick_Handler, 0x0)
                0x00000000                PROVIDE (WWDG_IRQHandler, 0x0)
                0x00000000                PROVIDE (PVD_IRQHandler, 0x0)
                0x00000000                PROVIDE (TAMPER_IRQHandler, 0x0)
                0x00000000                PROVIDE (RTC_IRQHandler, 0x0)
                0x00000000                PROVIDE (FLASH_IRQHandler, 0x0)
                0x00000000                PROVIDE (RCC_IRQHandler, 0x0)
                0x00000000                PROVIDE (EXTI0_IRQHandler, 0x0)
                0x00000000                PROVIDE (EXTI1_IRQHandler, 0x0)
                0x00000000                PROVIDE (EXTI2_IRQHandler, 0x0)
                0x00000000                PROVIDE (EXTI3_IRQHandler, 0x0)
                0x00000000                PROVIDE (EXTI4_IRQHandler, 0x0)
                0x00000000                PROVIDE (DMAChannel1_IRQHandler, 0x0)
                0x00000000                PROVIDE (DMAChannel2_IRQHandler, 0x0)
                0x00000000                PROVIDE (DMAChannel3_IRQHandler, 0x0)
                0x00000000                PROVIDE (DMAChannel4_IRQHandler, 0x0)
                0x00000000                PROVIDE (DMAChannel5_IRQHandler, 0x0)
                0x00000000                PROVIDE (DMAChannel6_IRQHandler, 0x0)
                0x00000000                PROVIDE (DMAChannel7_IRQHandler, 0x0)
                0x00000000                PROVIDE (DMA1_Channel1_IRQHandler, 0x0)
                0x00000000                PROVIDE (DMA1_Channel2_IRQHandler, 0x0)
                0x00000000                PROVIDE (DMA1_Channel3_IRQHandler, 0x0)
                0x00000000                PROVIDE (DMA1_Channel4_IRQHandler, 0x0)
                0x00000000                PROVIDE (DMA1_Channel5_IRQHandler, 0x0)
                0x00000000                PROVIDE (DMA1_Channel6_IRQHandler, 0x0)
                0x00000000                PROVIDE (DMA1_Channel7_IRQHandler, 0x0)
                0x00000000                PROVIDE (ADC_IRQHandler, 0x0)
                0x00000000                PROVIDE (ADC1_2_IRQHandler, 0x0)
                0x00000000                PROVIDE (USB_HP_CAN_TX_IRQHandler, 0x0)
                0x00000000                PROVIDE (USB_HP_CAN1_TX_IRQHandler, 0x0)
                0x00000000                PROVIDE (USB_LP_CAN_RX0_IRQHandler, 0x0)
                0x00000000                PROVIDE (USB_LP_CAN1_RX0_IRQHandler, 0x0)
                0x00000000                PROVIDE (CAN_RX1_IRQHandler, 0x0)
                0x00000000                PROVIDE (CAN1_RX1_IRQHandler, 0x0)
                0x00000000                PROVIDE (CAN_SCE_IRQHandler, 0x0)
                0x00000000                PROVIDE (CAN1_SCE_IRQHandler, 0x0)
                0x00000000                PROVIDE (EXTI9_5_IRQHandler, 0x0)
                0x00000000                PROVIDE (TIM1_BRK_IRQHandler, 0x0)
                0x00000000                PROVIDE (TIM1_UP_IRQHandler, 0x0)
                0x00000000                PROVIDE (TIM1_TRG_COM_IRQHandler, 0x0)
                0x00000000                PROVIDE (TIM1_CC_IRQHandler, 0x0)
                0x00000000                PROVIDE (TIM2_IRQHandler, 0x0)
                0x00000000                PROVIDE (TIM3_IRQHandler, 0x0)
                0x00000000                PROVIDE (TIM4_IRQHandler, 0x0)
                0x00000000                PROVIDE (I2C1_EV_IRQHandler, 0x0)
                0x00000000                PROVIDE (I2C1_ER_IRQHandler, 0x0)
                0x00000000                PROVIDE (I2C2_EV_IRQHandler, 0x0)
                0x00000000                PROVIDE (I2C2_ER_IRQHandler, 0x0)
                0x00000000                PROVIDE (SPI1_IRQHandler, 0x0)
                0x00000000                PROVIDE (SPI2_IRQHandler, 0x0)
                0x00000000                PROVIDE (USART1_IRQHandler, 0x0)
                0x00000000                PROVIDE (USART2_IRQHandler, 0x0)
                0x00000000                PROVIDE (USART3_IRQHandler, 0x0)
                0x00000000                PROVIDE (EXTI15_10_IRQHandler, 0x0)
                0x00000000                PROVIDE (RTCAlarm_IRQHandler, 0x0)
                0x00000000                PROVIDE (USBWakeUp_IRQHandler, 0x0)
                0x00000000                PROVIDE (TIM8_BRK_IRQHandler, 0x0)
                0x00000000                PROVIDE (TIM8_UP_IRQHandler, 0x0)
                0x00000000                PROVIDE (TIM8_TRG_COM_IRQHandler, 0x0)
                0x00000000                PROVIDE (TIM8_CC_IRQHandler, 0x0)
                0x00000000                PROVIDE (ADC3_IRQHandler, 0x0)
                0x00000000                PROVIDE (FSMC_IRQHandler, 0x0)
                0x00000000                PROVIDE (SDIO_IRQHandler, 0x0)
                0x00000000                PROVIDE (TIM5_IRQHandler, 0x0)
                0x00000000                PROVIDE (SPI3_IRQHandler, 0x0)
                0x00000000                PROVIDE (UART4_IRQHandler, 0x0)
                0x00000000                PROVIDE (UART5_IRQHandler, 0x0)
                0x00000000                PROVIDE (TIM6_IRQHandler, 0x0)
                0x00000000                PROVIDE (TIM7_IRQHandler, 0x0)
                0x00000000                PROVIDE (DMA2_Channel1_IRQHandler, 0x0)
                0x00000000                PROVIDE (DMA2_Channel2_IRQHandler, 0x0)
                0x00000000                PROVIDE (DMA2_Channel3_IRQHandler, 0x0)
                0x00000000                PROVIDE (DMA2_Channel4_5_IRQHandler, 0x0)
                0x42000000                PERIPH_BB_BASE = 0x42000000
                0x22000000                SRAM_BB_BASE = 0x22000000
                0x20000000                SRAM_BASE = 0x20000000
                0x40000000                PERIPH_BASE = 0x40000000
                0x40022000                PROVIDE (FLASH_BASE, 0x40022000)
                0x1ffff800                PROVIDE (OB_BASE, 0x1ffff800)
                0x40000000                APB1PERIPH_BASE = PERIPH_BASE
                0x40010000                APB2PERIPH_BASE = (PERIPH_BASE + 0x10000)
                0x40020000                AHBPERIPH_BASE = (PERIPH_BASE + 0x20000)
                0x40000000                PROVIDE (TIM2, (APB1PERIPH_BASE + 0x0))
                0x40000400                PROVIDE (TIM3, (APB1PERIPH_BASE + 0x400))
                0x40000800                PROVIDE (TIM4, (APB1PERIPH_BASE + 0x800))
                0x40002800                PROVIDE (RTC, (APB1PERIPH_BASE + 0x2800))
                0x40002c00                PROVIDE (WWDG, (APB1PERIPH_BASE + 0x2c00))
                0x40003000                PROVIDE (IWDG, (APB1PERIPH_BASE + 0x3000))
                0x40003800                PROVIDE (SPI2, (APB1PERIPH_BASE + 0x3800))
                0x40004400                PROVIDE (USART2, (APB1PERIPH_BASE + 0x4400))
                0x40004800                PROVIDE (USART3, (APB1PERIPH_BASE + 0x4800))
                0x40005400                PROVIDE (I2C1, (APB1PERIPH_BASE + 0x5400))
                0x40005800                PROVIDE (I2C2, (APB1PERIPH_BASE + 0x5800))
                0x40006400                PROVIDE (CAN, (APB1PERIPH_BASE + 0x6400))
                0x40006c00                PROVIDE (BKP, (APB1PERIPH_BASE + 0x6c00))
                0x40007000                PROVIDE (PWR, (APB1PERIPH_BASE + 0x7000))
                0x40010000                PROVIDE (AFIO, (APB2PERIPH_BASE + 0x0))
                0x40010400                PROVIDE (EXTI, (APB2PERIPH_BASE + 0x400))
                0x40010800                PROVIDE (GPIOA, (APB2PERIPH_BASE + 0x800))
                0x40010c00                PROVIDE (GPIOB, (APB2PERIPH_BASE + 0xc00))
                0x40011000                PROVIDE (GPIOC, (APB2PERIPH_BASE + 0x1000))
                0x40011400                PROVIDE (GPIOD, (APB2PERIPH_BASE + 0x1400))
                0x40011800                PROVIDE (GPIOE, (APB2PERIPH_BASE + 0x1800))
                0x40012400                PROVIDE (ADC1, (APB2PERIPH_BASE + 0x2400))
                0x40012800                PROVIDE (ADC2, (APB2PERIPH_BASE + 0x2800))
                0x40012c00                PROVIDE (TIM1, (APB2PERIPH_BASE + 0x2c00))
                0x40013000                PROVIDE (SPI1, (APB2PERIPH_BASE + 0x3000))
                0x40013800                PROVIDE (USART1, (APB2PERIPH_BASE + 0x3800))
                0x40020000                PROVIDE (DMA, (AHBPERIPH_BASE + 0x0))
                0x40020008                PROVIDE (DMA_Channel1, (AHBPERIPH_BASE + 0x8))
                0x4002001c                PROVIDE (DMA_Channel2, (AHBPERIPH_BASE + 0x1c))
                0x40020030                PROVIDE (DMA_Channel3, (AHBPERIPH_BASE + 0x30))
                0x40020044                PROVIDE (DMA_Channel4, (AHBPERIPH_BASE + 0x44))
                0x40020058                PROVIDE (DMA_Channel5, (AHBPERIPH_BASE + 0x58))
                0x4002006c                PROVIDE (DMA_Channel6, (AHBPERIPH_BASE + 0x6c))
                0x40020080                PROVIDE (DMA_Channel7, (AHBPERIPH_BASE + 0x80))
                0x40021000                PROVIDE (RCC, (AHBPERIPH_BASE + 0x1000))
                0xe000e000                SCS_BASE = 0xe000e000
                0xe000e010                PROVIDE (SysTick, (SCS_BASE + 0x10))
                0xe000e100                PROVIDE (NVIC, (SCS_BASE + 0x100))
                0xe000ed00                PROVIDE (SCB, (SCS_BASE + 0xd00))
                0x20005000                _estack = 0x20005000

.isr_vector     0x08000000      0x10c
                0x08000000                . = ALIGN (0x4)
 *(.isr_vector)
 .isr_vector    0x08000000      0x10c bin/startup_stm32f10x_md.o
                0x08000000                g_pfnVectors
                0x0800010c                . = ALIGN (0x4)

.flashtext      0x0800010c        0x0
                0x0800010c                . = ALIGN (0x4)
 *(.flashtext)
                0x0800010c                . = ALIGN (0x4)

.text           0x08000110     0xbe04
                0x08000110                . = ALIGN (0x4)
 *(.text)
 .text          0x08000110      0x370 /home/gritbear/bin/gcc-arm-none-eabi/bin/../lib/gcc/arm-none-eabi/4.7.3/armv7-m/libgcc.a(_arm_addsubdf3.o)
                0x08000110                __aeabi_drsub
                0x08000118                __aeabi_dsub
                0x08000118                __subdf3
                0x0800011c                __adddf3
                0x0800011c                __aeabi_dadd
                0x08000394                __aeabi_ui2d
                0x08000394                __floatunsidf
                0x080003b4                __floatsidf
                0x080003b4                __aeabi_i2d
                0x080003d8                __extendsfdf2
                0x080003d8                __aeabi_f2d
                0x08000414                __aeabi_ul2d
                0x08000414                __floatundidf
                0x08000424                __floatdidf
                0x08000424                __aeabi_l2d
 .text          0x08000480      0x424 /home/gritbear/bin/gcc-arm-none-eabi/bin/../lib/gcc/arm-none-eabi/4.7.3/armv7-m/libgcc.a(_arm_muldivdf3.o)
                0x08000480                __aeabi_dmul
                0x08000480                __muldf3
                0x080006d4                __aeabi_ddiv
                0x080006d4                __divdf3
 .text          0x080008a4      0x110 /home/gritbear/bin/gcc-arm-none-eabi/bin/../lib/gcc/arm-none-eabi/4.7.3/armv7-m/libgcc.a(_arm_cmpdf2.o)
                0x080008a4                __gtdf2
                0x080008a4                __gedf2
                0x080008ac                __ltdf2
                0x080008ac                __ledf2
                0x080008b4                __cmpdf2
                0x080008b4                __eqdf2
                0x080008b4                __nedf2
                0x08000930                __aeabi_cdrcmple
                0x08000940                __aeabi_cdcmple
                0x08000940                __aeabi_cdcmpeq
                0x08000950                __aeabi_dcmpeq
                0x08000964                __aeabi_dcmplt
                0x08000978                __aeabi_dcmple
                0x0800098c                __aeabi_dcmpge
                0x080009a0                __aeabi_dcmpgt
 .text          0x080009b4       0x50 /home/gritbear/bin/gcc-arm-none-eabi/bin/../lib/gcc/arm-none-eabi/4.7.3/armv7-m/libgcc.a(_arm_fixdfsi.o)
                0x080009b4                __fixdfsi
                0x080009b4                __aeabi_d2iz
 .text          0x08000a04       0x40 /home/gritbear/bin/gcc-arm-none-eabi/bin/../lib/gcc/arm-none-eabi/4.7.3/armv7-m/libgcc.a(_arm_fixunsdfsi.o)
                0x08000a04                __fixunsdfsi
                0x08000a04                __aeabi_d2uiz
 .text          0x08000a44       0xa0 /home/gritbear/bin/gcc-arm-none-eabi/bin/../lib/gcc/arm-none-eabi/4.7.3/armv7-m/libgcc.a(_arm_truncdfsf2.o)
                0x08000a44                __aeabi_d2f
                0x08000a44                __truncdfsf2
 .text          0x08000ae4      0x21c /home/gritbear/bin/gcc-arm-none-eabi/bin/../lib/gcc/arm-none-eabi/4.7.3/armv7-m/libgcc.a(_arm_addsubsf3.o)
                0x08000ae4                __aeabi_frsub
                0x08000aec                __subsf3
                0x08000aec                __aeabi_fsub
                0x08000af0                __aeabi_fadd
                0x08000af0                __addsf3
                0x08000c50                __aeabi_ui2f
                0x08000c50                __floatunsisf
                0x08000c58                __aeabi_i2f
                0x08000c58                __floatsisf
                0x08000c74                __floatundisf
                0x08000c74                __aeabi_ul2f
                0x08000c84                __floatdisf
                0x08000c84                __aeabi_l2f
 .text          0x08000d00      0x2a0 /home/gritbear/bin/gcc-arm-none-eabi/bin/../lib/gcc/arm-none-eabi/4.7.3/armv7-m/libgcc.a(_arm_muldivsf3.o)
                0x08000d00                __mulsf3
                0x08000d00                __aeabi_fmul
                0x08000e68                __divsf3
                0x08000e68                __aeabi_fdiv
 .text          0x08000fa0       0xec /home/gritbear/bin/gcc-arm-none-eabi/bin/../lib/gcc/arm-none-eabi/4.7.3/armv7-m/libgcc.a(_arm_cmpsf2.o)
                0x08000fa0                __gtsf2
                0x08000fa0                __gesf2
                0x08000fa8                __lesf2
                0x08000fa8                __ltsf2
                0x08000fb0                __nesf2
                0x08000fb0                __eqsf2
                0x08000fb0                __cmpsf2
                0x08001010                __aeabi_cfrcmple
                0x08001018                __aeabi_cfcmple
                0x08001018                __aeabi_cfcmpeq
                0x08001028                __aeabi_fcmpeq
                0x0800103c                __aeabi_fcmplt
                0x08001050                __aeabi_fcmple
                0x08001064                __aeabi_fcmpge
                0x08001078                __aeabi_fcmpgt
 .text          0x0800108c       0x4c /home/gritbear/bin/gcc-arm-none-eabi/bin/../lib/gcc/arm-none-eabi/4.7.3/armv7-m/libgcc.a(_arm_fixsfsi.o)
                0x0800108c                __fixsfsi
                0x0800108c                __aeabi_f2iz
 .text          0x080010d8       0x38 /home/gritbear/bin/gcc-arm-none-eabi/bin/../lib/gcc/arm-none-eabi/4.7.3/armv7-m/libgcc.a(_aeabi_ldivmod.o)
                0x080010d8                __aeabi_ldivmod
 .text          0x08001110       0x60 /home/gritbear/bin/gcc-arm-none-eabi/bin/../lib/gcc/arm-none-eabi/4.7.3/armv7-m/libgcc.a(bpabi.o)
                0x08001110                __gnu_ldivmod_helper
                0x08001140                __gnu_uldivmod_helper
 .text          0x08001170        0x4 /home/gritbear/bin/gcc-arm-none-eabi/bin/../lib/gcc/arm-none-eabi/4.7.3/armv7-m/libgcc.a(_dvmd_tls.o)
                0x08001170                __aeabi_ldiv0
                0x08001170                __aeabi_idiv0
 .text          0x08001174      0x2bc /home/gritbear/bin/gcc-arm-none-eabi/bin/../lib/gcc/arm-none-eabi/4.7.3/armv7-m/libgcc.a(_divdi3.o)
                0x08001174                __divdi3
 .text          0x08001430      0x28c /home/gritbear/bin/gcc-arm-none-eabi/bin/../lib/gcc/arm-none-eabi/4.7.3/armv7-m/libgcc.a(_udivdi3.o)
                0x08001430                __udivdi3
 *(.text.*)
 .text.Reset_Handler
                0x080016bc       0x48 bin/startup_stm32f10x_md.o
                0x080016bc                Reset_Handler
 .text.Default_Handler
                0x08001704        0x4 bin/startup_stm32f10x_md.o
                0x08001704                EXTI2_IRQHandler
                0x08001704                TIM1_CC_IRQHandler
                0x08001704                PVD_IRQHandler
                0x08001704                EXTI3_IRQHandler
                0x08001704                EXTI0_IRQHandler
                0x08001704                ADC1_2_IRQHandler
                0x08001704                SPI1_IRQHandler
                0x08001704                TAMPER_IRQHandler
                0x08001704                RTC_IRQHandler
                0x08001704                CAN1_RX1_IRQHandler
                0x08001704                TIM4_IRQHandler
                0x08001704                TIM3_IRQHandler
                0x08001704                RCC_IRQHandler
                0x08001704                TIM1_TRG_COM_IRQHandler
                0x08001704                Default_Handler
                0x08001704                EXTI15_10_IRQHandler
                0x08001704                SPI2_IRQHandler
                0x08001704                EXTI4_IRQHandler
                0x08001704                USB_LP_CAN1_RX0_IRQHandler
                0x08001704                USB_HP_CAN1_TX_IRQHandler
                0x08001704                DMA1_Channel3_IRQHandler
                0x08001704                WWDG_IRQHandler
                0x08001704                TIM2_IRQHandler
                0x08001704                TIM1_BRK_IRQHandler
                0x08001704                EXTI1_IRQHandler
                0x08001704                RTCAlarm_IRQHandler
                0x08001704                USART2_IRQHandler
                0x08001704                CAN1_SCE_IRQHandler
                0x08001704                FLASH_IRQHandler
                0x08001704                USART1_IRQHandler
                0x08001704                USBWakeUp_IRQHandler
 .text.vListInitialise
                0x08001708       0x16 bin/list.o
                0x08001708                vListInitialise
 .text.vListInitialiseItem
                0x0800171e        0x6 bin/list.o
                0x0800171e                vListInitialiseItem
 .text.vListInsertEnd
                0x08001724       0x1c bin/list.o
                0x08001724                vListInsertEnd
 .text.vListInsert
                0x08001740       0x30 bin/list.o
                0x08001740                vListInsert
 .text.uxListRemove
                0x08001770       0x26 bin/list.o
                0x08001770                uxListRemove
 .text.prvIdleTask
                0x08001796        0x2 bin/tasks.o
 .text.prvAddCurrentTaskToDelayedList
                0x08001798       0x50 bin/tasks.o
 .text.xTaskGenericCreate
                0x080017e8      0x178 bin/tasks.o
                0x080017e8                xTaskGenericCreate
 .text.vTaskStartScheduler
                0x08001960       0x54 bin/tasks.o
                0x08001960                vTaskStartScheduler
 .text.vTaskSuspendAll
                0x080019b4       0x10 bin/tasks.o
                0x080019b4                vTaskSuspendAll
 .text.xTaskGetTickCount
                0x080019c4       0x18 bin/tasks.o
                0x080019c4                xTaskGetTickCount
 .text.vTaskIncrementTick
                0x080019dc       0xd4 bin/tasks.o
                0x080019dc                vTaskIncrementTick
 .text.xTaskResumeAll
                0x08001ab0       0xc0 bin/tasks.o
                0x08001ab0                xTaskResumeAll
 .text.vTaskDelay
                0x08001b70       0x3c bin/tasks.o
                0x08001b70                vTaskDelay
 .text.vTaskDelayUntil
                0x08001bac       0x60 bin/tasks.o
                0x08001bac                vTaskDelayUntil
 .text.vTaskSetApplicationTaskTag
                0x08001c0c       0x20 bin/tasks.o
                0x08001c0c                vTaskSetApplicationTaskTag
 .text.vTaskSwitchContext
                0x08001c2c       0x80 bin/tasks.o
                0x08001c2c                vTaskSwitchContext
 .text.vTaskPlaceOnEventList
                0x08001cac       0x2c bin/tasks.o
                0x08001cac                vTaskPlaceOnEventList
 .text.vTaskPlaceOnEventListRestricted
                0x08001cd8       0x2c bin/tasks.o
                0x08001cd8                vTaskPlaceOnEventListRestricted
 .text.xTaskRemoveFromEventList
                0x08001d04       0x64 bin/tasks.o
                0x08001d04                xTaskRemoveFromEventList
 .text.vTaskSetTimeOutState
                0x08001d68       0x18 bin/tasks.o
                0x08001d68                vTaskSetTimeOutState
 .text.xTaskCheckForTimeOut
                0x08001d80       0x50 bin/tasks.o
                0x08001d80                xTaskCheckForTimeOut
 .text.vTaskMissedYield
                0x08001dd0        0xc bin/tasks.o
                0x08001dd0                vTaskMissedYield
 .text.xTaskGetCurrentTaskHandle
                0x08001ddc        0xc bin/tasks.o
                0x08001ddc                xTaskGetCurrentTaskHandle
 .text.xTaskGetSchedulerState
                0x08001de8       0x1c bin/tasks.o
                0x08001de8                xTaskGetSchedulerState
 .text.vTaskPriorityInherit
                0x08001e04       0x6c bin/tasks.o
                0x08001e04                vTaskPriorityInherit
 .text.vTaskPriorityDisinherit
                0x08001e70       0x48 bin/tasks.o
                0x08001e70                vTaskPriorityDisinherit
 .text.prvUnlockQueue
                0x08001eb8       0x64 bin/queue.o
 .text.prvCopyDataFromQueue
                0x08001f1c       0x26 bin/queue.o
 .text.prvCopyDataToQueue
                0x08001f42       0x58 bin/queue.o
 .text.xQueueGenericReset
                0x08001f9a       0x5c bin/queue.o
                0x08001f9a                xQueueGenericReset
 .text.xQueueGenericCreate
                0x08001ff6       0x40 bin/queue.o
                0x08001ff6                xQueueGenericCreate
 .text.xQueueGenericSend
                0x08002036       0xce bin/queue.o
                0x08002036                xQueueGenericSend
 .text.xQueueCreateMutex
                0x08002104       0x46 bin/queue.o
                0x08002104                xQueueCreateMutex
 .text.xQueueGenericSendFromISR
                0x0800214a       0x58 bin/queue.o
                0x0800214a                xQueueGenericSendFromISR
 .text.xQueueGenericReceive
                0x080021a2      0x102 bin/queue.o
                0x080021a2                xQueueGenericReceive
 .text.uxQueueMessagesWaiting
                0x080022a4       0x12 bin/queue.o
                0x080022a4                uxQueueMessagesWaiting
 .text.vQueueWaitForMessageRestricted
                0x080022b6       0x3a bin/queue.o
                0x080022b6                vQueueWaitForMessageRestricted
 .text.prvCheckForValidListAndQueue
                0x080022f0       0x4c bin/timers.o
 .text.prvInsertTimerInActiveList
                0x0800233c       0x3c bin/timers.o
 .text.xTimerCreateTimerTask
                0x08002378       0x34 bin/timers.o
                0x08002378                xTimerCreateTimerTask
 .text.xTimerCreate
                0x080023ac       0x3c bin/timers.o
                0x080023ac                xTimerCreate
 .text.xTimerGenericCommand
                0x080023e8       0x44 bin/timers.o
                0x080023e8                xTimerGenericCommand
 .text.prvSwitchTimerLists.isra.1
                0x0800242c       0x60 bin/timers.o
 .text.prvTimerTask
                0x0800248c      0x138 bin/timers.o
 .text.pvTimerGetTimerID
                0x080025c4        0x4 bin/timers.o
                0x080025c4                pvTimerGetTimerID
 .text.prvInsertBlockIntoFreeList
                0x080025c8       0x4c bin/heap_4.o
 .text.pvPortMalloc
                0x08002614       0xac bin/heap_4.o
                0x08002614                pvPortMalloc
 .text.vPortFree
                0x080026c0       0x2c bin/heap_4.o
                0x080026c0                vPortFree
 .text.prvPortStartFirstTask
                0x080026ec       0x14 bin/port.o
 .text.pxPortInitialiseStack
                0x08002700       0x16 bin/port.o
                0x08002700                pxPortInitialiseStack
 *fill*         0x08002716        0x2 00
 .text.SVC_Handler
                0x08002718       0x20 bin/port.o
                0x08002718                SVC_Handler
 .text.vPortYieldFromISR
                0x08002738       0x10 bin/port.o
                0x08002738                vPortYieldFromISR
 .text.ulPortSetInterruptMask
                0x08002748       0x10 bin/port.o
                0x08002748                ulPortSetInterruptMask
 .text.vPortEnterCritical
                0x08002758       0x14 bin/port.o
                0x08002758                vPortEnterCritical
 .text.vPortClearInterruptMask
                0x0800276c        0x6 bin/port.o
                0x0800276c                vPortClearInterruptMask
 *fill*         0x08002772        0x2 00
 .text.vPortExitCritical
                0x08002774       0x14 bin/port.o
                0x08002774                vPortExitCritical
 .text.PendSV_Handler
                0x08002788       0x3c bin/port.o
                0x08002788                PendSV_Handler
 .text.SysTick_Handler
                0x080027c4       0x20 bin/port.o
                0x080027c4                SysTick_Handler
 .text.vPortSetupTimerInterrupt
                0x080027e4       0x18 bin/port.o
                0x080027e4                vPortSetupTimerInterrupt
 .text.xPortStartScheduler
                0x080027fc       0x30 bin/port.o
                0x080027fc                xPortStartScheduler
 .text.NVIC_PriorityGroupConfig
                0x0800282c       0x14 bin/misc.o
                0x0800282c                NVIC_PriorityGroupConfig
 .text.NVIC_Init
                0x08002840       0x68 bin/misc.o
                0x08002840                NVIC_Init
 .text.ADC_DeInit
                0x080028a8       0x5c bin/stm32f10x_adc.o
                0x080028a8                ADC_DeInit
 .text.ADC_Init
                0x08002904       0x48 bin/stm32f10x_adc.o
                0x08002904                ADC_Init
 .text.ADC_Cmd  0x0800294c       0x12 bin/stm32f10x_adc.o
                0x0800294c                ADC_Cmd
 .text.ADC_DMACmd
                0x0800295e       0x12 bin/stm32f10x_adc.o
                0x0800295e                ADC_DMACmd
 .text.ADC_ResetCalibration
                0x08002970        0xa bin/stm32f10x_adc.o
                0x08002970                ADC_ResetCalibration
 .text.ADC_GetResetCalibrationStatus
                0x0800297a        0x8 bin/stm32f10x_adc.o
                0x0800297a                ADC_GetResetCalibrationStatus
 .text.ADC_StartCalibration
                0x08002982        0xa bin/stm32f10x_adc.o
                0x08002982                ADC_StartCalibration
 .text.ADC_GetCalibrationStatus
                0x0800298c        0x8 bin/stm32f10x_adc.o
                0x0800298c                ADC_GetCalibrationStatus
 .text.ADC_RegularChannelConfig
                0x08002994       0x9a bin/stm32f10x_adc.o
                0x08002994                ADC_RegularChannelConfig
 .text.ADC_ExternalTrigConvCmd
                0x08002a2e       0x12 bin/stm32f10x_adc.o
                0x08002a2e                ADC_ExternalTrigConvCmd
 .text.ADC_TempSensorVrefintCmd
                0x08002a40       0x18 bin/stm32f10x_adc.o
                0x08002a40                ADC_TempSensorVrefintCmd
 .text.DBGMCU_Config
                0x08002a58       0x18 bin/stm32f10x_dbgmcu.o
                0x08002a58                DBGMCU_Config
 .text.DMA_DeInit
                0x08002a70       0xec bin/stm32f10x_dma.o
                0x08002a70                DMA_DeInit
 .text.DMA_Init
                0x08002b5c       0x40 bin/stm32f10x_dma.o
                0x08002b5c                DMA_Init
 .text.DMA_Cmd  0x08002b9c       0x12 bin/stm32f10x_dma.o
                0x08002b9c                DMA_Cmd
 .text.DMA_ITConfig
                0x08002bae       0x10 bin/stm32f10x_dma.o
                0x08002bae                DMA_ITConfig
 *fill*         0x08002bbe        0x2 00
 .text.DMA_ClearFlag
                0x08002bc0       0x14 bin/stm32f10x_dma.o
                0x08002bc0                DMA_ClearFlag
 .text.DMA_GetITStatus
                0x08002bd4       0x1c bin/stm32f10x_dma.o
                0x08002bd4                DMA_GetITStatus
 .text.DMA_ClearITPendingBit
                0x08002bf0       0x14 bin/stm32f10x_dma.o
                0x08002bf0                DMA_ClearITPendingBit
 .text.EXTI_Init
                0x08002c04       0x88 bin/stm32f10x_exti.o
                0x08002c04                EXTI_Init
 .text.EXTI_GetITStatus
                0x08002c8c       0x20 bin/stm32f10x_exti.o
                0x08002c8c                EXTI_GetITStatus
 .text.EXTI_ClearITPendingBit
                0x08002cac        0xc bin/stm32f10x_exti.o
                0x08002cac                EXTI_ClearITPendingBit
 .text.FLASH_SetLatency
                0x08002cb8       0x14 bin/stm32f10x_flash.o
                0x08002cb8                FLASH_SetLatency
 .text.FLASH_PrefetchBufferCmd
                0x08002ccc       0x18 bin/stm32f10x_flash.o
                0x08002ccc                FLASH_PrefetchBufferCmd
 .text.GPIO_Init
                0x08002ce4       0x9a bin/stm32f10x_gpio.o
                0x08002ce4                GPIO_Init
 .text.GPIO_ReadInputDataBit
                0x08002d7e        0xc bin/stm32f10x_gpio.o
                0x08002d7e                GPIO_ReadInputDataBit
 .text.GPIO_SetBits
                0x08002d8a        0x4 bin/stm32f10x_gpio.o
                0x08002d8a                GPIO_SetBits
 .text.GPIO_ResetBits
                0x08002d8e        0x4 bin/stm32f10x_gpio.o
                0x08002d8e                GPIO_ResetBits
 *fill*         0x08002d92        0x2 00
 .text.GPIO_PinRemapConfig
                0x08002d94       0x58 bin/stm32f10x_gpio.o
                0x08002d94                GPIO_PinRemapConfig
 .text.GPIO_EXTILineConfig
                0x08002dec       0x34 bin/stm32f10x_gpio.o
                0x08002dec                GPIO_EXTILineConfig
 .text.I2C_DeInit
                0x08002e20       0x34 bin/stm32f10x_i2c.o
                0x08002e20                I2C_DeInit
 .text.I2C_Init
                0x08002e54       0xd4 bin/stm32f10x_i2c.o
                0x08002e54                I2C_Init
 .text.I2C_SoftwareResetCmd
                0x08002f28       0x18 bin/stm32f10x_i2c.o
                0x08002f28                I2C_SoftwareResetCmd
 .text.I2C_ClearFlag
                0x08002f40        0x8 bin/stm32f10x_i2c.o
                0x08002f40                I2C_ClearFlag
 .text.RCC_DeInit
                0x08002f48       0x40 bin/stm32f10x_rcc.o
                0x08002f48                RCC_DeInit
 .text.RCC_HSEConfig
                0x08002f88       0x34 bin/stm32f10x_rcc.o
                0x08002f88                RCC_HSEConfig
 .text.RCC_PLLConfig
                0x08002fbc       0x14 bin/stm32f10x_rcc.o
                0x08002fbc                RCC_PLLConfig
 .text.RCC_PLLCmd
                0x08002fd0        0xc bin/stm32f10x_rcc.o
                0x08002fd0                RCC_PLLCmd
 .text.RCC_SYSCLKConfig
                0x08002fdc       0x14 bin/stm32f10x_rcc.o
                0x08002fdc                RCC_SYSCLKConfig
 .text.RCC_GetSYSCLKSource
                0x08002ff0       0x10 bin/stm32f10x_rcc.o
                0x08002ff0                RCC_GetSYSCLKSource
 .text.RCC_HCLKConfig
                0x08003000       0x14 bin/stm32f10x_rcc.o
                0x08003000                RCC_HCLKConfig
 .text.RCC_PCLK1Config
                0x08003014       0x14 bin/stm32f10x_rcc.o
                0x08003014                RCC_PCLK1Config
 .text.RCC_PCLK2Config
                0x08003028       0x14 bin/stm32f10x_rcc.o
                0x08003028                RCC_PCLK2Config
 .text.RCC_ADCCLKConfig
                0x0800303c       0x14 bin/stm32f10x_rcc.o
                0x0800303c                RCC_ADCCLKConfig
 .text.RCC_GetClocksFreq
                0x08003050       0x98 bin/stm32f10x_rcc.o
                0x08003050                RCC_GetClocksFreq
 .text.RCC_AHBPeriphClockCmd
                0x080030e8       0x18 bin/stm32f10x_rcc.o
                0x080030e8                RCC_AHBPeriphClockCmd
 .text.RCC_APB2PeriphClockCmd
                0x08003100       0x18 bin/stm32f10x_rcc.o
                0x08003100                RCC_APB2PeriphClockCmd
 .text.RCC_APB1PeriphClockCmd
                0x08003118       0x18 bin/stm32f10x_rcc.o
                0x08003118                RCC_APB1PeriphClockCmd
 .text.RCC_APB2PeriphResetCmd
                0x08003130       0x18 bin/stm32f10x_rcc.o
                0x08003130                RCC_APB2PeriphResetCmd
 .text.RCC_APB1PeriphResetCmd
                0x08003148       0x18 bin/stm32f10x_rcc.o
                0x08003148                RCC_APB1PeriphResetCmd
 .text.RCC_MCOConfig
                0x08003160        0xc bin/stm32f10x_rcc.o
                0x08003160                RCC_MCOConfig
 .text.RCC_GetFlagStatus
                0x0800316c       0x28 bin/stm32f10x_rcc.o
                0x0800316c                RCC_GetFlagStatus
 .text.RCC_WaitForHSEStartUp
                0x08003194       0x2c bin/stm32f10x_rcc.o
                0x08003194                RCC_WaitForHSEStartUp
 .text.SPI_Init
                0x080031c0       0x3e bin/stm32f10x_spi.o
                0x080031c0                SPI_Init
 .text.SPI_Cmd  0x080031fe       0x18 bin/stm32f10x_spi.o
                0x080031fe                SPI_Cmd
 .text.SPI_I2S_SendData
                0x08003216        0x4 bin/stm32f10x_spi.o
                0x08003216                SPI_I2S_SendData
 .text.SPI_I2S_ReceiveData
                0x0800321a        0x6 bin/stm32f10x_spi.o
                0x0800321a                SPI_I2S_ReceiveData
 .text.SPI_I2S_GetFlagStatus
                0x08003220        0xc bin/stm32f10x_spi.o
                0x08003220                SPI_I2S_GetFlagStatus
 .text.TIM_TimeBaseInit
                0x0800322c       0x3c bin/stm32f10x_tim.o
                0x0800322c                TIM_TimeBaseInit
 .text.TIM_OC2Init
                0x08003268       0x88 bin/stm32f10x_tim.o
                0x08003268                TIM_OC2Init
 .text.TIM_OC3Init
                0x080032f0       0x84 bin/stm32f10x_tim.o
                0x080032f0                TIM_OC3Init
 .text.TIM_OC4Init
                0x08003374       0x68 bin/stm32f10x_tim.o
                0x08003374                TIM_OC4Init
 .text.TIM_Cmd  0x080033dc       0x18 bin/stm32f10x_tim.o
                0x080033dc                TIM_Cmd
 .text.TIM_CtrlPWMOutputs
                0x080033f4       0x1c bin/stm32f10x_tim.o
                0x080033f4                TIM_CtrlPWMOutputs
 .text.TIM_OC2PreloadConfig
                0x08003410       0x14 bin/stm32f10x_tim.o
                0x08003410                TIM_OC2PreloadConfig
 .text.TIM_OC3PreloadConfig
                0x08003424       0x10 bin/stm32f10x_tim.o
                0x08003424                TIM_OC3PreloadConfig
 .text.TIM_OC4PreloadConfig
                0x08003434       0x14 bin/stm32f10x_tim.o
                0x08003434                TIM_OC4PreloadConfig
 .text.TIM_SetCompare3
                0x08003448        0x4 bin/stm32f10x_tim.o
                0x08003448                TIM_SetCompare3
 .text.TIM_SetCompare4
                0x0800344c        0x6 bin/stm32f10x_tim.o
                0x0800344c                TIM_SetCompare4
 .text.TIM_ClearITPendingBit
                0x08003452        0x8 bin/stm32f10x_tim.o
                0x08003452                TIM_ClearITPendingBit
 .text.USART_ITConfig
                0x0800345a       0x34 bin/stm32f10x_usart.o
                0x0800345a                USART_ITConfig
 .text.USART_SendData
                0x0800348e        0x8 bin/stm32f10x_usart.o
                0x0800348e                USART_SendData
 .text.USART_ReceiveData
                0x08003496        0x8 bin/stm32f10x_usart.o
                0x08003496                USART_ReceiveData
 .text.USART_GetITStatus
                0x0800349e       0x40 bin/stm32f10x_usart.o
                0x0800349e                USART_GetITStatus
 .text.USART_ClearITPendingBit
                0x080034de       0x10 bin/stm32f10x_usart.o
                0x080034de                USART_ClearITPendingBit
 *fill*         0x080034ee        0x2 00
 .text.startup.main
                0x080034f0       0xac bin/main.o
                0x080034f0                main
 .text.ledSet.part.0
                0x0800359c       0x38 bin/led.o
 .text.ledInit  0x080035d4       0x54 bin/led.o
                0x080035d4                ledInit
 .text.ledTest  0x08003628        0xc bin/led.o
                0x08003628                ledTest
 .text.ledSet   0x08003634        0xa bin/led.o
                0x08003634                ledSet
 *fill*         0x0800363e        0x2 00
 .text.uartIsr  0x08003640       0xc4 bin/uart.o
                0x08003640                uartIsr
 .text.uartSendData
                0x08003704       0x24 bin/uart.o
                0x08003704                uartSendData
 .text.uartPutchar
                0x08003728       0x14 bin/uart.o
                0x08003728                uartPutchar
 .text.adcInit  0x0800373c      0x24c bin/adc.o
                0x0800373c                adcInit
 .text.adcTest  0x08003988        0xc bin/adc.o
                0x08003988                adcTest
 .text.adcConvertToVoltageFloat
                0x08003994       0x34 bin/adc.o
                0x08003994                adcConvertToVoltageFloat
 .text.adcDmaStart
                0x080039c8       0x2c bin/adc.o
                0x080039c8                adcDmaStart
 .text.adcInterruptHandler
                0x080039f4       0x54 bin/adc.o
                0x080039f4                adcInterruptHandler
 .text.proxSensorUpdate
                0x08003a48       0xa0 bin/adc.o
                0x08003a48                proxSensorUpdate
 .text.adcTask  0x08003ae8       0x60 bin/adc.o
                0x08003ae8                adcTask
 .text.spiSendByte
                0x08003b48       0x34 bin/nrf24l01.o
 .text.nrfReadReg
                0x08003b7c       0x40 bin/nrf24l01.o
                0x08003b7c                nrfReadReg
 .text.nrfWriteReg
                0x08003bbc       0x44 bin/nrf24l01.o
                0x08003bbc                nrfWriteReg
 .text.nrfWrite1Reg
                0x08003c00       0x12 bin/nrf24l01.o
                0x08003c00                nrfWrite1Reg
 .text.nrfRead1Reg
                0x08003c12       0x12 bin/nrf24l01.o
                0x08003c12                nrfRead1Reg
 .text.nrfFlushRx
                0x08003c24       0x28 bin/nrf24l01.o
                0x08003c24                nrfFlushRx
 .text.nrfFlushTx
                0x08003c4c       0x28 bin/nrf24l01.o
                0x08003c4c                nrfFlushTx
 .text.nrfRxLength
                0x08003c74       0x30 bin/nrf24l01.o
                0x08003c74                nrfRxLength
 .text.nrfWriteAck
                0x08003ca4       0x58 bin/nrf24l01.o
                0x08003ca4                nrfWriteAck
 .text.nrfReadRX
                0x08003cfc       0x3c bin/nrf24l01.o
                0x08003cfc                nrfReadRX
 .text.nrfIsr   0x08003d38       0x10 bin/nrf24l01.o
                0x08003d38                nrfIsr
 .text.nrfSetInterruptCallback
                0x08003d48        0xc bin/nrf24l01.o
                0x08003d48                nrfSetInterruptCallback
 .text.nrfSetChannel
                0x08003d54       0x10 bin/nrf24l01.o
                0x08003d54                nrfSetChannel
 .text.nrfSetDatarate
                0x08003d64       0x20 bin/nrf24l01.o
                0x08003d64                nrfSetDatarate
 .text.nrfSetAddress
                0x08003d84       0x3c bin/nrf24l01.o
                0x08003d84                nrfSetAddress
 .text.nrfSetEnable
                0x08003dc0       0x1c bin/nrf24l01.o
                0x08003dc0                nrfSetEnable
 .text.nrfInit  0x08003ddc      0x144 bin/nrf24l01.o
                0x08003ddc                nrfInit
 .text.nrfTest  0x08003f20       0x14 bin/nrf24l01.o
                0x08003f20                nrfTest
 .text.extiInit
                0x08003f34       0x2c bin/exti.o
                0x08003f34                extiInit
 .text.extiTest
                0x08003f60        0xc bin/exti.o
                0x08003f60                extiTest
 .text.extiInterruptHandler
                0x08003f6c       0x20 bin/exti.o
                0x08003f6c                extiInterruptHandler
 .text.nvicInit
                0x08003f8c        0x8 bin/nvic.o
                0x08003f8c                nvicInit
 .text.NMI_Handler
                0x08003f94        0x2 bin/nvic.o
                0x08003f94                NMI_Handler
 .text.HardFault_Handler
                0x08003f96       0x14 bin/nvic.o
                0x08003f96                HardFault_Handler
 *fill*         0x08003faa        0x2 00
 .text.printHardFault
                0x08003fac      0x104 bin/nvic.o
                0x08003fac                printHardFault
 .text.MemManage_Handler
                0x080040b0        0x2 bin/nvic.o
                0x080040b0                MemManage_Handler
 .text.BusFault_Handler
                0x080040b2        0x2 bin/nvic.o
                0x080040b2                BusFault_Handler
 .text.UsageFault_Handler
                0x080040b4        0x2 bin/nvic.o
                0x080040b4                UsageFault_Handler
 .text.DebugMon_Handler
                0x080040b6        0x2 bin/nvic.o
                0x080040b6                DebugMon_Handler
 .text.DMA1_Channel1_IRQHandler
                0x080040b8        0x4 bin/nvic.o
                0x080040b8                DMA1_Channel1_IRQHandler
 .text.DMA1_Channel2_IRQHandler
                0x080040bc        0x2 bin/nvic.o
                0x080040bc                DMA1_Channel2_IRQHandler
 .text.DMA1_Channel4_IRQHandler
                0x080040be        0x4 bin/nvic.o
                0x080040be                DMA1_Channel4_IRQHandler
 .text.DMA1_Channel5_IRQHandler
                0x080040c2        0x4 bin/nvic.o
                0x080040c2                DMA1_Channel5_IRQHandler
 .text.DMA1_Channel6_IRQHandler
                0x080040c6        0x4 bin/nvic.o
                0x080040c6                DMA1_Channel6_IRQHandler
 .text.DMA1_Channel7_IRQHandler
                0x080040ca        0x4 bin/nvic.o
                0x080040ca                DMA1_Channel7_IRQHandler
 .text.EXTI9_5_IRQHandler
                0x080040ce        0x4 bin/nvic.o
                0x080040ce                EXTI9_5_IRQHandler
 .text.USART3_IRQHandler
                0x080040d2        0x4 bin/nvic.o
                0x080040d2                USART3_IRQHandler
 *fill*         0x080040d6        0x2 00
 .text.TIM1_UP_IRQHandler
                0x080040d8       0x1c bin/nvic.o
                0x080040d8                TIM1_UP_IRQHandler
 .text.I2C1_EV_IRQHandler
                0x080040f4        0x4 bin/nvic.o
                0x080040f4                I2C1_EV_IRQHandler
 .text.I2C1_ER_IRQHandler
                0x080040f8        0x4 bin/nvic.o
                0x080040f8                I2C1_ER_IRQHandler
 .text.I2C2_EV_IRQHandler
                0x080040fc        0x2 bin/nvic.o
                0x080040fc                I2C2_EV_IRQHandler
 *fill*         0x080040fe        0x2 00
 .text.I2C2_ER_IRQHandler
                0x08004100       0x10 bin/nvic.o
                0x08004100                I2C2_ER_IRQHandler
 .text.motorsInit
                0x08004110      0x118 bin/motors.o
                0x08004110                motorsInit
 .text.motorsSetRatio
                0x08004228       0x30 bin/motors.o
                0x08004228                motorsSetRatio
 .text.motorsTest
                0x08004258       0x3c bin/motors.o
                0x08004258                motorsTest
 .text.mpu6050Init
                0x08004294       0x24 bin/mpu6050.o
                0x08004294                mpu6050Init
 .text.mpu6050EvaluateSelfTest
                0x080042b8       0x5c bin/mpu6050.o
                0x080042b8                mpu6050EvaluateSelfTest
 .text.mpu6050SetRate
                0x08004314       0x18 bin/mpu6050.o
                0x08004314                mpu6050SetRate
 .text.mpu6050SetDLPFMode
                0x0800432c       0x24 bin/mpu6050.o
                0x0800432c                mpu6050SetDLPFMode
 .text.mpu6050GetFullScaleGyroRangeId
                0x08004350       0x2c bin/mpu6050.o
                0x08004350                mpu6050GetFullScaleGyroRangeId
 .text.mpu6050GetFullScaleGyroDPL
                0x0800437c       0x20 bin/mpu6050.o
                0x0800437c                mpu6050GetFullScaleGyroDPL
 .text.mpu6050SetFullScaleGyroRange
                0x0800439c       0x24 bin/mpu6050.o
                0x0800439c                mpu6050SetFullScaleGyroRange
 .text.mpu6050SetGyroXSelfTest
                0x080043c0       0x20 bin/mpu6050.o
                0x080043c0                mpu6050SetGyroXSelfTest
 .text.mpu6050SetGyroYSelfTest
                0x080043e0       0x20 bin/mpu6050.o
                0x080043e0                mpu6050SetGyroYSelfTest
 .text.mpu6050SetGyroZSelfTest
                0x08004400       0x20 bin/mpu6050.o
                0x08004400                mpu6050SetGyroZSelfTest
 .text.mpu6050SetAccelXSelfTest
                0x08004420       0x20 bin/mpu6050.o
                0x08004420                mpu6050SetAccelXSelfTest
 .text.mpu6050SetAccelYSelfTest
                0x08004440       0x20 bin/mpu6050.o
                0x08004440                mpu6050SetAccelYSelfTest
 .text.mpu6050SetAccelZSelfTest
                0x08004460       0x20 bin/mpu6050.o
                0x08004460                mpu6050SetAccelZSelfTest
 .text.mpu6050GetFullScaleAccelRangeId
                0x08004480       0x2c bin/mpu6050.o
                0x08004480                mpu6050GetFullScaleAccelRangeId
 .text.mpu6050GetFullScaleAccelGPL
                0x080044ac       0x20 bin/mpu6050.o
                0x080044ac                mpu6050GetFullScaleAccelGPL
 .text.mpu6050SetFullScaleAccelRange
                0x080044cc       0x24 bin/mpu6050.o
                0x080044cc                mpu6050SetFullScaleAccelRange
 .text.mpu6050SetI2CBypassEnabled
                0x080044f0       0x20 bin/mpu6050.o
                0x080044f0                mpu6050SetI2CBypassEnabled
 .text.mpu6050SetIntEnabled
                0x08004510       0x18 bin/mpu6050.o
                0x08004510                mpu6050SetIntEnabled
 .text.mpu6050GetMotion6
                0x08004528       0x74 bin/mpu6050.o
                0x08004528                mpu6050GetMotion6
 .text.mpu6050SelfTest
                0x0800459c      0x264 bin/mpu6050.o
                0x0800459c                mpu6050SelfTest
 .text.mpu6050Reset
                0x08004800       0x20 bin/mpu6050.o
                0x08004800                mpu6050Reset
 .text.mpu6050SetSleepEnabled
                0x08004820       0x20 bin/mpu6050.o
                0x08004820                mpu6050SetSleepEnabled
 .text.mpu6050SetTempSensorEnabled
                0x08004840       0x24 bin/mpu6050.o
                0x08004840                mpu6050SetTempSensorEnabled
 .text.mpu6050SetClockSource
                0x08004864       0x24 bin/mpu6050.o
                0x08004864                mpu6050SetClockSource
 .text.mpu6050GetDeviceID
                0x08004888       0x28 bin/mpu6050.o
                0x08004888                mpu6050GetDeviceID
 .text.mpu6050TestConnection
                0x080048b0       0x10 bin/mpu6050.o
                0x080048b0                mpu6050TestConnection
 .text.i2cdevRuffLoopDelay.constprop.1
                0x080048c0       0x14 bin/i2cdev.o
 .text.i2cdevInit
                0x080048d4      0x230 bin/i2cdev.o
                0x080048d4                i2cdevInit
 .text.i2cdevRead
                0x08004b04       0x4c bin/i2cdev.o
                0x08004b04                i2cdevRead
 .text.i2cdevReadByte
                0x08004b50        0xc bin/i2cdev.o
                0x08004b50                i2cdevReadByte
 .text.i2cdevReadBits
                0x08004b5c       0x32 bin/i2cdev.o
                0x08004b5c                i2cdevReadBits
 *fill*         0x08004b8e        0x2 00
 .text.i2cdevWrite
                0x08004b90       0x64 bin/i2cdev.o
                0x08004b90                i2cdevWrite
 .text.i2cdevWriteByte
                0x08004bf4       0x14 bin/i2cdev.o
                0x08004bf4                i2cdevWriteByte
 .text.i2cdevWriteBits
                0x08004c08       0x52 bin/i2cdev.o
                0x08004c08                i2cdevWriteBits
 .text.i2cdevWriteBit
                0x08004c5a       0x40 bin/i2cdev.o
                0x08004c5a                i2cdevWriteBit
 *fill*         0x08004c9a        0x2 00
 .text.i2cDmaInterruptHandlerI2c1
                0x08004c9c       0x4c bin/i2cdev.o
                0x08004c9c                i2cDmaInterruptHandlerI2c1
 .text.i2cDmaInterruptHandlerI2c2
                0x08004ce8       0x4c bin/i2cdev.o
                0x08004ce8                i2cDmaInterruptHandlerI2c2
 .text.I2C_DMAConfig.part.0
                0x08004d34       0x68 bin/i2croutines.o
 .text.I2C_Master_BufferWrite
                0x08004d9c      0x194 bin/i2croutines.o
                0x08004d9c                I2C_Master_BufferWrite
 .text.I2C_LowLevel_Init
                0x08004f30      0x1d4 bin/i2croutines.o
                0x08004f30                I2C_LowLevel_Init
 .text.I2C_DMAConfig
                0x08005104       0x6c bin/i2croutines.o
                0x08005104                I2C_DMAConfig
 .text.I2C_Master_BufferRead
                0x08005170      0x1b4 bin/i2croutines.o
                0x08005170                I2C_Master_BufferRead
 .text.i2cInterruptHandlerI2c1
                0x08005324      0x164 bin/i2croutines.o
                0x08005324                i2cInterruptHandlerI2c1
 .text.i2cErrorInterruptHandlerI2c1
                0x08005488       0x74 bin/i2croutines.o
                0x08005488                i2cErrorInterruptHandlerI2c1
 .text.hmc5883lTestConnection
                0x080054fc       0x40 bin/hmc5883l.o
                0x080054fc                hmc5883lTestConnection
 .text.hmc5883lEvaluateSelfTest
                0x0800553c       0x2c bin/hmc5883l.o
                0x0800553c                hmc5883lEvaluateSelfTest
 .text.hmc5883lSetGain
                0x08005568       0x1c bin/hmc5883l.o
                0x08005568                hmc5883lSetGain
 .text.hmc5883lInit
                0x08005584       0x30 bin/hmc5883l.o
                0x08005584                hmc5883lInit
 .text.hmc5883lSetMode
                0x080055b4       0x28 bin/hmc5883l.o
                0x080055b4                hmc5883lSetMode
 .text.hmc5883lGetHeading
                0x080055dc       0x68 bin/hmc5883l.o
                0x080055dc                hmc5883lGetHeading
 .text.hmc5883lSelfTest
                0x08005644      0x148 bin/hmc5883l.o
                0x08005644                hmc5883lSelfTest
 .text.ms5611EvaluateSelfTest
                0x0800578c       0x5c bin/ms5611.o
                0x0800578c                ms5611EvaluateSelfTest
 .text.ms5611CalcPressure
                0x080057e8       0x9c bin/ms5611.o
                0x080057e8                ms5611CalcPressure
 .text.ms5611CalcTemp
                0x08005884       0x38 bin/ms5611.o
                0x08005884                ms5611CalcTemp
 .text.ms5611CalcDeltaTemp
                0x080058bc       0x10 bin/ms5611.o
                0x080058bc                ms5611CalcDeltaTemp
 .text.ms5611StartConversion
                0x080058cc       0x18 bin/ms5611.o
                0x080058cc                ms5611StartConversion
 .text.ms5611GetConversion
                0x080058e4       0x44 bin/ms5611.o
                0x080058e4                ms5611GetConversion
 .text.ms5611SelfTest
                0x08005928       0x98 bin/ms5611.o
                0x08005928                ms5611SelfTest
 .text.ms5611ReadPROM
                0x080059c0       0x50 bin/ms5611.o
                0x080059c0                ms5611ReadPROM
 .text.ms5611Reset
                0x08005a10       0x18 bin/ms5611.o
                0x08005a10                ms5611Reset
 .text.ms5611Init
                0x08005a28       0x38 bin/ms5611.o
                0x08005a28                ms5611Init
 .text.nopFunc  0x08005a60        0x4 bin/crtp.o
 .text.crtpRxTask
                0x08005a64       0x60 bin/crtp.o
 .text.crtpTxTask
                0x08005ac4       0x2c bin/crtp.o
 .text.crtpInit
                0x08005af0       0x70 bin/crtp.o
                0x08005af0                crtpInit
 .text.crtpTest
                0x08005b60        0xc bin/crtp.o
                0x08005b60                crtpTest
 .text.crtpInitTaskQueue
                0x08005b6c       0x34 bin/crtp.o
                0x08005b6c                crtpInitTaskQueue
 .text.crtpReceivePacketBlock
                0x08005ba0       0x4c bin/crtp.o
                0x08005ba0                crtpReceivePacketBlock
 .text.crtpRegisterPortCB
                0x08005bec       0x10 bin/crtp.o
                0x08005bec                crtpRegisterPortCB
 .text.crtpSendPacket
                0x08005bfc       0x30 bin/crtp.o
                0x08005bfc                crtpSendPacket
 .text.crtpSendPacketBlock
                0x08005c2c       0x30 bin/crtp.o
                0x08005c2c                crtpSendPacketBlock
 .text.crtpReset
                0x08005c5c       0x24 bin/crtp.o
                0x08005c5c                crtpReset
 .text.crtpIsConnected
                0x08005c80       0x18 bin/crtp.o
                0x08005c80                crtpIsConnected
 .text.crtpSetLink
                0x08005c98       0x2c bin/crtp.o
                0x08005c98                crtpSetLink
 .text.updateActive
                0x08005cc4       0x3c bin/ledseq.o
 .text.runLedseq
                0x08005d00       0xd0 bin/ledseq.o
 .text.ledseqInit
                0x08005dd0       0x9c bin/ledseq.o
                0x08005dd0                ledseqInit
 .text.ledseqTest
                0x08005e6c       0x14 bin/ledseq.o
                0x08005e6c                ledseqTest
 .text.ledseqRun
                0x08005e80       0x78 bin/ledseq.o
                0x08005e80                ledseqRun
 .text.ledseqSetTimes
                0x08005ef8        0x6 bin/ledseq.o
                0x08005ef8                ledseqSetTimes
 *fill*         0x08005efe        0x2 00
 .text.ledseqStop
                0x08005f00       0x68 bin/ledseq.o
                0x08005f00                ledseqStop
 .text.vApplicationStackOverflowHook
                0x08005f68       0x14 bin/freeRTOSdebug.o
                0x08005f68                vApplicationStackOverflowHook
 .text.debugSendTraceInfo
                0x08005f7c        0x2 bin/freeRTOSdebug.o
                0x08005f7c                debugSendTraceInfo
 *fill*         0x08005f7e        0x2 00
 .text.imu6Init
                0x08005f80      0x1e0 bin/imu.o
                0x08005f80                imu6Init
 .text.imu6Test
                0x08006160       0x84 bin/imu.o
                0x08006160                imu6Test
 .text.imu6Read
                0x080061e4      0x3a0 bin/imu.o
                0x080061e4                imu6Read
 .text.imu6IsCalibrated
                0x08006584        0xc bin/imu.o
                0x08006584                imu6IsCalibrated
 .text.pmInit   0x08006590       0xe4 bin/pm.o
                0x08006590                pmInit
 .text.pmTest   0x08006674        0xc bin/pm.o
                0x08006674                pmTest
 .text.pmBatteryUpdate
                0x08006680       0x80 bin/pm.o
                0x08006680                pmBatteryUpdate
 .text.pmSetChargeState
                0x08006700       0x50 bin/pm.o
                0x08006700                pmSetChargeState
 .text.pmUpdateState
                0x08006750       0x54 bin/pm.o
                0x08006750                pmUpdateState
 *fill*         0x080067a4        0x4 00
 .text.pmTask   0x080067a8      0x180 bin/pm.o
                0x080067a8                pmTask
 .text.radiolinkInitNRF24L01P
                0x08006928       0x64 bin/radiolink.o
 .text.reset    0x0800698c       0x18 bin/radiolink.o
 .text.isConnected
                0x080069a4       0x1c bin/radiolink.o
 .text.setEnable
                0x080069c0       0x14 bin/radiolink.o
 .text.radiolinkTask
                0x080069d4       0xd0 bin/radiolink.o
 .text.interruptCallback
                0x08006aa4       0x24 bin/radiolink.o
 .text.receivePacket
                0x08006ac8       0x28 bin/radiolink.o
 .text.sendPacket
                0x08006af0       0x28 bin/radiolink.o
 .text.radiolinkInit
                0x08006b18       0x90 bin/radiolink.o
                0x08006b18                radiolinkInit
 .text.radiolinkTest
                0x08006ba8        0x4 bin/radiolink.o
                0x08006ba8                radiolinkTest
 .text.radiolinkGetLink
                0x08006bac        0x8 bin/radiolink.o
                0x08006bac                radiolinkGetLink
 .text.radiolinkReInit
                0x08006bb4       0x10 bin/radiolink.o
                0x08006bb4                radiolinkReInit
 .text.systemLaunch
                0x08006bc4       0x24 bin/system.o
                0x08006bc4                systemLaunch
 .text.systemInit
                0x08006be8       0x40 bin/system.o
                0x08006be8                systemInit
 .text.systemTest
                0x08006c28       0x28 bin/system.o
                0x08006c28                systemTest
 .text.systemStart
                0x08006c50       0x14 bin/system.o
                0x08006c50                systemStart
 .text.systemTask
                0x08006c64      0x100 bin/system.o
 .text.systemWaitStart
                0x08006d64       0x38 bin/system.o
                0x08006d64                systemWaitStart
 .text.systemSetCanFly
                0x08006d9c        0xc bin/system.o
                0x08006d9c                systemSetCanFly
 .text.commInit
                0x08006da8       0x34 bin/comm.o
                0x08006da8                commInit
 .text.commTest
                0x08006ddc       0x30 bin/comm.o
                0x08006ddc                commTest
 .text.consoleInit
                0x08006e0c       0x3c bin/console.o
                0x08006e0c                consoleInit
 .text.consoleTest
                0x08006e48        0xc bin/console.o
                0x08006e48                consoleTest
 .text.consolePutchar
                0x08006e54       0x54 bin/console.o
                0x08006e54                consolePutchar
 .text.pidInit  0x08006ea8       0x20 bin/pid.o
                0x08006ea8                pidInit
 .text.pidUpdate
                0x08006ec8       0x8c bin/pid.o
                0x08006ec8                pidUpdate
 .text.pidSetIntegralLimit
                0x08006f54        0x4 bin/pid.o
                0x08006f54                pidSetIntegralLimit
 .text.pidReset
                0x08006f58        0xc bin/pid.o
                0x08006f58                pidReset
 .text.pidSetError
                0x08006f64        0x4 bin/pid.o
                0x08006f64                pidSetError
 .text.pidSetDesired
                0x08006f68        0x4 bin/pid.o
                0x08006f68                pidSetDesired
 .text.crtpserviceHandler
                0x08006f6c       0x16 bin/crtpservice.o
                0x08006f6c                crtpserviceHandler
 *fill*         0x08006f82        0x2 00
 .text.crtpserviceInit
                0x08006f84       0x20 bin/crtpservice.o
                0x08006f84                crtpserviceInit
 .text.crtpserviceTest
                0x08006fa4        0xc bin/crtpservice.o
                0x08006fa4                crtpserviceTest
 .text.variableGetIndex
                0x08006fb0       0x38 bin/param.o
 .text.paramInit
                0x08006fe8       0x8c bin/param.o
                0x08006fe8                paramInit
 .text.paramTest
                0x08007074        0xc bin/param.o
                0x08007074                paramTest
 .text.paramTOCProcess
                0x08007080       0xe4 bin/param.o
                0x08007080                paramTOCProcess
 .text.paramTask
                0x08007164      0x100 bin/param.o
 .text.commanderCrtpCB
                0x08007264       0x48 bin/commander.o
 .text.commanderInit
                0x080072ac       0x38 bin/commander.o
                0x080072ac                commanderInit
 .text.commanderTest
                0x080072e4       0x10 bin/commander.o
                0x080072e4                commanderTest
 .text.commanderGetInactivityTime
                0x080072f4       0x14 bin/commander.o
                0x080072f4                commanderGetInactivityTime
 .text.commanderGetRPY
                0x08007308       0x24 bin/commander.o
                0x08007308                commanderGetRPY
 .text.commanderGetRPYType
                0x0800732c        0xc bin/commander.o
                0x0800732c                commanderGetRPYType
 .text.commanderGetTrust
                0x08007338       0x70 bin/commander.o
                0x08007338                commanderGetTrust
 .text.controllerInit
                0x080073a8       0xd8 bin/controller.o
                0x080073a8                controllerInit
 .text.controllerTest
                0x08007480        0xc bin/controller.o
                0x08007480                controllerTest
 .text.controllerCorrectRatePID
                0x0800748c      0x110 bin/controller.o
                0x0800748c                controllerCorrectRatePID
 .text.controllerCorrectAttitudePID
                0x0800759c       0x94 bin/controller.o
                0x0800759c                controllerCorrectAttitudePID
 .text.controllerResetAllPID
                0x08007630       0x44 bin/controller.o
                0x08007630                controllerResetAllPID
 .text.controllerGetActuatorOutput
                0x08007674       0x20 bin/controller.o
                0x08007674                controllerGetActuatorOutput
 .text.sensfusion6Init
                0x08007694       0x10 bin/sensfusion6.o
                0x08007694                sensfusion6Init
 .text.sensfusion6Test
                0x080076a4        0xc bin/sensfusion6.o
                0x080076a4                sensfusion6Test
 .text.sensfusion6UpdateQ
                0x080076b0      0x4d8 bin/sensfusion6.o
                0x080076b0                sensfusion6UpdateQ
 .text.sensfusion6GetEulerRPY
                0x08007b88      0x1e8 bin/sensfusion6.o
                0x08007b88                sensfusion6GetEulerRPY
 .text.distributePower
                0x08007d70       0x8c bin/stabilizer.o
 .text.stabilizerTask
                0x08007dfc      0x18c bin/stabilizer.o
 .text.stabilizerInit
                0x08007f88       0x60 bin/stabilizer.o
                0x08007f88                stabilizerInit
 .text.stabilizerTest
                0x08007fe8       0x1e bin/stabilizer.o
                0x08007fe8                stabilizerTest
 *fill*         0x08008006        0x2 00
 .text.logStopBlock
                0x08008008       0x38 bin/log.o
 .text.logDeleteBlock
                0x08008040       0x68 bin/log.o
 .text.logReset
                0x080080a8       0x5c bin/log.o
 .text.logRunBlock
                0x08008104      0x13c bin/log.o
                0x08008104                logRunBlock
 .text.logBlockTimed
                0x08008240       0x18 bin/log.o
                0x08008240                logBlockTimed
 .text.logAppendBlock.constprop.1
                0x08008258      0x110 bin/log.o
 .text.logTask  0x08008368      0x234 bin/log.o
 .text.logInit  0x0800859c       0xb8 bin/log.o
                0x0800859c                logInit
 .text.workerInit
                0x08008654       0x18 bin/worker.o
                0x08008654                workerInit
 .text.workerTest
                0x0800866c       0x10 bin/worker.o
                0x0800866c                workerTest
 .text.workerLoop
                0x0800867c       0x2c bin/worker.o
                0x0800867c                workerLoop
 .text.workerSchedule
                0x080086a8       0x28 bin/worker.o
                0x080086a8                workerSchedule
 .text.iirLPFilterSingle
                0x080086d0       0x2c bin/filter.o
                0x080086d0                iirLPFilterSingle
 .text.assertFail
                0x080086fc       0x30 bin/cfassert.o
                0x080086fc                assertFail
 .text.configblockInit
                0x0800872c       0x44 bin/configblock.o
                0x0800872c                configblockInit
 .text.configblockGetRadioChannel
                0x08008770       0x1c bin/configblock.o
                0x08008770                configblockGetRadioChannel
 .text.configblockGetRadioSpeed
                0x0800878c       0x18 bin/configblock.o
                0x0800878c                configblockGetRadioSpeed
 .text.configblockGetCalibPitch
                0x080087a4       0x1c bin/configblock.o
                0x080087a4                configblockGetCalibPitch
 .text.configblockGetCalibRoll
                0x080087c0       0x1c bin/configblock.o
                0x080087c0                configblockGetCalibRoll
 .text.get_int_len
                0x080087dc       0x14 bin/eprintf.o
                0x080087dc                get_int_len
 .text.itoa     0x080087f0       0xa8 bin/eprintf.o
 .text.evprintf
                0x08008898      0x144 bin/eprintf.o
                0x08008898                evprintf
 .text.eprintf  0x080089dc       0x18 bin/eprintf.o
                0x080089dc                eprintf
 .text.reflect  0x080089f4       0x1e bin/crc.o
 *fill*         0x08008a12        0x2 00
 .text.crcSlow  0x08008a14       0x48 bin/crc.o
                0x08008a14                crcSlow
 .text.single2half
                0x08008a5c       0x4c bin/fp16.o
                0x08008a5c                single2half
 .text.atan     0x08008aa8      0x368 /home/gritbear/bin/gcc-arm-none-eabi/bin/../lib/gcc/arm-none-eabi/4.7.3/../../../../arm-none-eabi/lib/armv7-m/libm.a(lib_a-s_atan.o)
                0x08008aa8                atan
 .text.cos      0x08008e10       0x90 /home/gritbear/bin/gcc-arm-none-eabi/bin/../lib/gcc/arm-none-eabi/4.7.3/../../../../arm-none-eabi/lib/armv7-m/libm.a(lib_a-s_cos.o)
                0x08008e10                cos
 .text.fabs     0x08008ea0        0x8 /home/gritbear/bin/gcc-arm-none-eabi/bin/../lib/gcc/arm-none-eabi/4.7.3/../../../../arm-none-eabi/lib/armv7-m/libm.a(lib_a-s_fabs.o)
                0x08008ea0                fabs
 .text.sin      0x08008ea8       0x98 /home/gritbear/bin/gcc-arm-none-eabi/bin/../lib/gcc/arm-none-eabi/4.7.3/../../../../arm-none-eabi/lib/armv7-m/libm.a(lib_a-s_sin.o)
                0x08008ea8                sin
 .text.atan2    0x08008f40        0x4 /home/gritbear/bin/gcc-arm-none-eabi/bin/../lib/gcc/arm-none-eabi/4.7.3/../../../../arm-none-eabi/lib/armv7-m/libm.a(lib_a-w_atan2.o)
                0x08008f40                atan2
 .text.sqrt     0x08008f44       0xa8 /home/gritbear/bin/gcc-arm-none-eabi/bin/../lib/gcc/arm-none-eabi/4.7.3/../../../../arm-none-eabi/lib/armv7-m/libm.a(lib_a-w_sqrt.o)
                0x08008f44                sqrt
 *fill*         0x08008fec        0x4 00
 .text.__ieee754_atan2
                0x08008ff0      0x218 /home/gritbear/bin/gcc-arm-none-eabi/bin/../lib/gcc/arm-none-eabi/4.7.3/../../../../arm-none-eabi/lib/armv7-m/libm.a(lib_a-e_atan2.o)
                0x08008ff0                __ieee754_atan2
 .text.__ieee754_rem_pio2
                0x08009208      0x468 /home/gritbear/bin/gcc-arm-none-eabi/bin/../lib/gcc/arm-none-eabi/4.7.3/../../../../arm-none-eabi/lib/armv7-m/libm.a(lib_a-e_rem_pio2.o)
                0x08009208                __ieee754_rem_pio2
 .text.__ieee754_sqrt
                0x08009670      0x208 /home/gritbear/bin/gcc-arm-none-eabi/bin/../lib/gcc/arm-none-eabi/4.7.3/../../../../arm-none-eabi/lib/armv7-m/libm.a(lib_a-e_sqrt.o)
                0x08009670                __ieee754_sqrt
 .text.__kernel_cos
                0x08009878      0x258 /home/gritbear/bin/gcc-arm-none-eabi/bin/../lib/gcc/arm-none-eabi/4.7.3/../../../../arm-none-eabi/lib/armv7-m/libm.a(lib_a-k_cos.o)
                0x08009878                __kernel_cos
 .text.__kernel_rem_pio2
                0x08009ad0      0xdfc /home/gritbear/bin/gcc-arm-none-eabi/bin/../lib/gcc/arm-none-eabi/4.7.3/../../../../arm-none-eabi/lib/armv7-m/libm.a(lib_a-k_rem_pio2.o)
                0x08009ad0                __kernel_rem_pio2
 *fill*         0x0800a8cc        0x4 00
 .text.__kernel_sin
                0x0800a8d0      0x170 /home/gritbear/bin/gcc-arm-none-eabi/bin/../lib/gcc/arm-none-eabi/4.7.3/../../../../arm-none-eabi/lib/armv7-m/libm.a(lib_a-k_sin.o)
                0x0800a8d0                __kernel_sin
 .text.floor    0x0800aa40      0x110 /home/gritbear/bin/gcc-arm-none-eabi/bin/../lib/gcc/arm-none-eabi/4.7.3/../../../../arm-none-eabi/lib/armv7-m/libm.a(lib_a-s_floor.o)
                0x0800aa40                floor
 .text.__fpclassifyd
                0x0800ab50       0x68 /home/gritbear/bin/gcc-arm-none-eabi/bin/../lib/gcc/arm-none-eabi/4.7.3/../../../../arm-none-eabi/lib/armv7-m/libm.a(lib_a-s_fpclassify.o)
                0x0800ab50                __fpclassifyd
 .text.matherr  0x0800abb8        0x4 /home/gritbear/bin/gcc-arm-none-eabi/bin/../lib/gcc/arm-none-eabi/4.7.3/../../../../arm-none-eabi/lib/armv7-m/libm.a(lib_a-s_matherr.o)
                0x0800abb8                matherr
 *fill*         0x0800abbc        0x4 00
 .text.scalbn   0x0800abc0      0x108 /home/gritbear/bin/gcc-arm-none-eabi/bin/../lib/gcc/arm-none-eabi/4.7.3/../../../../arm-none-eabi/lib/armv7-m/libm.a(lib_a-s_scalbn.o)
                0x0800abc0                scalbn
 .text.copysign
                0x0800acc8       0x18 /home/gritbear/bin/gcc-arm-none-eabi/bin/../lib/gcc/arm-none-eabi/4.7.3/../../../../arm-none-eabi/lib/armv7-m/libm.a(lib_a-s_copysign.o)
                0x0800acc8                copysign
 .text.memcpy   0x0800ace0      0x15c /home/gritbear/bin/gcc-arm-none-eabi/bin/../lib/gcc/arm-none-eabi/4.7.3/../../../../arm-none-eabi/lib/armv7-m/libc.a(lib_a-memcpy.o)
                0x0800ace0                memcpy
 .text.memset   0x0800ae3c      0x12c /home/gritbear/bin/gcc-arm-none-eabi/bin/../lib/gcc/arm-none-eabi/4.7.3/../../../../arm-none-eabi/lib/armv7-m/libc.a(lib_a-memset.o)
                0x0800ae3c                memset
 .text.strlen   0x0800af68       0x60 /home/gritbear/bin/gcc-arm-none-eabi/bin/../lib/gcc/arm-none-eabi/4.7.3/../../../../arm-none-eabi/lib/armv7-m/libc.a(lib_a-strlen.o)
                0x0800af68                strlen
 .text.strncpy  0x0800afc8      0x10c /home/gritbear/bin/gcc-arm-none-eabi/bin/../lib/gcc/arm-none-eabi/4.7.3/../../../../arm-none-eabi/lib/armv7-m/libc.a(lib_a-strncpy.o)
                0x0800afc8                strncpy
 *fill*         0x0800b0d4        0x4 00
 .text.strncpy.stub
                0x0800b0d8        0x8 linker stubs
 *(.rodata)
 .rodata        0x0800b0e0        0x5 bin/radiolink.o
 *(.rodata*)
 .rodata.str1.1
                0x0800b0e5        0x5 bin/tasks.o
 .rodata.str1.1
                0x0800b0ea        0x8 bin/timers.o
 *fill*         0x0800b0f2        0x2 00
 .rodata.led_polarity
                0x0800b0f4        0x8 bin/led.o
 .rodata.led_pin
                0x0800b0fc        0x8 bin/led.o
 .rodata.led_port
                0x0800b104        0x8 bin/led.o
 .rodata.str1.1
                0x0800b10c       0x24 bin/adc.o
                                 0x28 (size before relaxing)
 .rodata.str1.1
                0x0800b130       0x1e bin/nrf24l01.o
 .rodata.str1.1
                0x0800b14e       0x97 bin/nvic.o
 *fill*         0x0800b1e5        0x3 00
 .rodata.MOTORS
                0x0800b1e8       0x10 bin/motors.o
                0x0800b1e8                MOTORS
 .rodata.CSWTCH.539
                0x0800b1f8       0x10 bin/mpu6050.o
 .rodata.str1.1
                0x0800b208       0x89 bin/mpu6050.o
 *fill*         0x0800b291        0x3 00
 .rodata.CSWTCH.553
                0x0800b294       0x10 bin/mpu6050.o
 .rodata.str1.1
                0x0800b2a4       0x7f bin/hmc5883l.o
 .rodata.str1.1
                0x0800b323       0x75 bin/ms5611.o
 .rodata.str1.1
                0x0800b398       0x49 bin/crtp.o
                                 0x4b (size before relaxing)
 *fill*         0x0800b3e1        0x3 00
 .rodata.sequences
                0x0800b3e4       0x24 bin/ledseq.o
 .rodata.str1.1
                0x0800b408        0xc bin/ledseq.o
 .rodata.str1.1
                0x0800b414       0x12 bin/freeRTOSdebug.o
 .rodata.str1.1
                0x0800b426      0x164 bin/imu.o
                                0x186 (size before relaxing)
 *fill*         0x0800b58a        0x2 00
 .rodata.bat671723HS25C
                0x0800b58c       0x28 bin/pm.o
 .rodata.str1.1
                0x0800b5b4       0x1b bin/pm.o
                                 0x1e (size before relaxing)
 .rodata.str1.1
                0x0800b5cf        0xa bin/radiolink.o
 .rodata.str1.1
                0x0800b5d9       0xac bin/system.o
                                 0xb4 (size before relaxing)
 .rodata.str1.1
                0x0800b685        0x6 bin/param.o
                                  0x7 (size before relaxing)
 .rodata.str1.1
                0x0800b68b       0x68 bin/controller.o
                                 0x7e (size before relaxing)
 .rodata.str1.1
                0x0800b6f3       0x13 bin/sensfusion6.o
                                 0x27 (size before relaxing)
 .rodata.str1.1
                0x0800b706       0x5d bin/stabilizer.o
                                 0x7b (size before relaxing)
 .rodata.str1.1
                0x0800b763       0x12 bin/log.o
                                 0x13 (size before relaxing)
 .rodata.typeLength
                0x0800b775        0x9 bin/log.o
 .rodata.str1.1
                0x0800b77e       0x28 bin/cfassert.o
 .rodata.digit  0x0800b7a6       0x10 bin/eprintf.o
 .rodata.V_MODIFIED
                0x0800b7b6        0x1 bin/version.o
                0x0800b7b6                V_MODIFIED
 .rodata.str1.1
                0x0800b7b7       0x59 bin/version.o
                                 0x62 (size before relaxing)
 .rodata.V_REVISION_0
                0x0800b810        0x4 bin/version.o
                0x0800b810                V_REVISION_0
 .rodata.V_REVISION_1
                0x0800b814        0x2 bin/version.o
                0x0800b814                V_REVISION_1
 *fill*         0x0800b816        0x2 00
 .rodata.atanlo
                0x0800b818       0x20 /home/gritbear/bin/gcc-arm-none-eabi/bin/../lib/gcc/arm-none-eabi/4.7.3/../../../../arm-none-eabi/lib/armv7-m/libm.a(lib_a-s_atan.o)
 .rodata.atanhi
                0x0800b838       0x20 /home/gritbear/bin/gcc-arm-none-eabi/bin/../lib/gcc/arm-none-eabi/4.7.3/../../../../arm-none-eabi/lib/armv7-m/libm.a(lib_a-s_atan.o)
 .rodata.str1.4
                0x0800b858        0x8 /home/gritbear/bin/gcc-arm-none-eabi/bin/../lib/gcc/arm-none-eabi/4.7.3/../../../../arm-none-eabi/lib/armv7-m/libm.a(lib_a-w_sqrt.o)
 .rodata.npio2_hw
                0x0800b860       0x80 /home/gritbear/bin/gcc-arm-none-eabi/bin/../lib/gcc/arm-none-eabi/4.7.3/../../../../arm-none-eabi/lib/armv7-m/libm.a(lib_a-e_rem_pio2.o)
 .rodata.two_over_pi
                0x0800b8e0      0x108 /home/gritbear/bin/gcc-arm-none-eabi/bin/../lib/gcc/arm-none-eabi/4.7.3/../../../../arm-none-eabi/lib/armv7-m/libm.a(lib_a-e_rem_pio2.o)
 .rodata.init_jk
                0x0800b9e8       0x10 /home/gritbear/bin/gcc-arm-none-eabi/bin/../lib/gcc/arm-none-eabi/4.7.3/../../../../arm-none-eabi/lib/armv7-m/libm.a(lib_a-k_rem_pio2.o)
 .rodata.PIo2   0x0800b9f8       0x40 /home/gritbear/bin/gcc-arm-none-eabi/bin/../lib/gcc/arm-none-eabi/4.7.3/../../../../arm-none-eabi/lib/armv7-m/libm.a(lib_a-k_rem_pio2.o)
 .rodata._ctype_
                0x0800ba38      0x104 /home/gritbear/bin/gcc-arm-none-eabi/bin/../lib/gcc/arm-none-eabi/4.7.3/../../../../arm-none-eabi/lib/armv7-m/libc.a(lib_a-ctype_.o)
                0x0800ba38                _ctype_
 *(.glue_7)
 .glue_7        0x00000000        0x0 linker stubs
 *(.glue_7t)
 .glue_7t       0x00000000        0x0 linker stubs
 *(.init)
 *(.fini)
 *(.eh_frame)
                0x0800bb3c                . = ALIGN (0x4)
                0x0800bb3c                _param_start = .
 *(.param)
 *(.param.*)
 .param.imu_tests
                0x0800bb3c       0x3c bin/imu.o
 .param.imu_sensors
                0x0800bb78       0x30 bin/imu.o
 .param.imu_acc_lpf
                0x0800bba8       0x24 bin/imu.o
 .param.cpu     0x0800bbcc       0x48 bin/system.o
 .param.pid_rate
                0x0800bc14       0x84 bin/controller.o
 .param.pid_attitude
                0x0800bc98       0x84 bin/controller.o
 .param.sensorfusion6
                0x0800bd1c       0x30 bin/sensfusion6.o
 .param.firmware
                0x0800bd4c       0x3c bin/version.o
                0x0800bd88                _param_stop = .
                0x0800bd88                . = ALIGN (0x4)
                0x0800bd88                _log_start = .
 *(.log)
 *(.log.*)
 .log.adc       0x0800bd88       0x30 bin/adc.o
 .log.pm        0x0800bdb8       0x30 bin/pm.o
 .log.sys       0x0800bde8       0x24 bin/system.o
 .log.acc       0x0800be0c       0x3c bin/stabilizer.o
 .log.motor     0x0800be48       0x48 bin/stabilizer.o
 .log.stabilizer
                0x0800be90       0x48 bin/stabilizer.o
 .log.gyro      0x0800bed8       0x3c bin/stabilizer.o
                0x0800bf14                _log_stop = .
                0x0800bf14                . = ALIGN (0x4)
                0x0800bf14                _etext = .

.vfp11_veneer   0x0800bf14        0x0
 .vfp11_veneer  0x00000000        0x0 linker stubs

.v4_bx          0x0800bf14        0x0
 .v4_bx         0x00000000        0x0 linker stubs

.iplt           0x0800bf14        0x0
 .iplt          0x00000000        0x0 /home/gritbear/bin/gcc-arm-none-eabi/bin/../lib/gcc/arm-none-eabi/4.7.3/armv7-m/crtbegin.o

.libc           0x0800bf14        0x8
                0x0800bf14                . = ALIGN (0x4)
 *(.ARM.exidx*)
 .ARM.exidx     0x0800bf14        0x8 /home/gritbear/bin/gcc-arm-none-eabi/bin/../lib/gcc/arm-none-eabi/4.7.3/armv7-m/libgcc.a(_divdi3.o)
 .ARM.exidx     0x0800bf1c        0x0 /home/gritbear/bin/gcc-arm-none-eabi/bin/../lib/gcc/arm-none-eabi/4.7.3/armv7-m/libgcc.a(_udivdi3.o)
                                  0x8 (size before relaxing)
                0x0800bf1c                . = ALIGN (0x4)
                0x0800bf1c                _elibc = .
                0x0800bf1c                _sidata = _elibc

.rel.dyn        0x0800bf1c        0x0
 .rel.iplt      0x00000000        0x0 /home/gritbear/bin/gcc-arm-none-eabi/bin/../lib/gcc/arm-none-eabi/4.7.3/armv7-m/crtbegin.o

.flashpatch     0x00000000        0x0
                0x00000000                . = ALIGN (0x4)
 *(.flashpatch)
                0x00000000                . = ALIGN (0x4)

.endflash       0x00000000        0x0
                0x00000000                . = ALIGN (0x4)
 *(.endflash)
                0x00000000                . = ALIGN (0x4)

.data           0x20000000      0x1a0 load address 0x0800bf1c
                0x20000000                . = ALIGN (0x4)
                0x20000000                _sdata = .
 *(.data)
 *(.data.*)
 .data.xNextTaskUnblockTime
                0x20000000        0x4 bin/tasks.o
 .data.xFreeBytesRemaining
                0x20000004        0x4 bin/heap_4.o
 .data.uxCriticalNesting
                0x20000008        0x4 bin/port.o
 .data.ADCPrescTable
                0x2000000c        0x4 bin/stm32f10x_rcc.o
 .data.APBAHBPrescTable
                0x20000010       0x10 bin/stm32f10x_rcc.o
 .data.nopLink  0x20000020       0x14 bin/crtp.o
 .data.link     0x20000034        0x4 bin/crtp.o
 .data.seq_testPassed
                0x20000038       0x78 bin/ledseq.o
                0x20000038                seq_testPassed
 .data.seq_alive
                0x200000b0       0x18 bin/ledseq.o
                0x200000b0                seq_alive
 .data.seq_lowbat
                0x200000c8       0x10 bin/ledseq.o
                0x200000c8                seq_lowbat
 .data.seq_charging
                0x200000d8       0x18 bin/ledseq.o
                0x200000d8                seq_charging
 .data.seq_linkup
                0x200000f0       0x18 bin/ledseq.o
                0x200000f0                seq_linkup
 .data.seq_calibrated
                0x20000108       0x18 bin/ledseq.o
                0x20000108                seq_calibrated
 .data.seq_charged
                0x20000120       0x10 bin/ledseq.o
                0x20000120                seq_charged
 .data.seq_armed
                0x20000130       0x18 bin/ledseq.o
                0x20000130                seq_armed
 .data.seq_bootloader
                0x20000148       0x18 bin/ledseq.o
                0x20000148                seq_bootloader
 .data.batteryVRefRawFilt
                0x20000160        0x4 bin/pm.o
 .data.batteryVRawFilt
                0x20000164        0x4 bin/pm.o
 .data.batteryVoltageMin
                0x20000168        0x4 bin/pm.o
 .data.radioOp  0x2000016c       0x14 bin/radiolink.o
 .data.q0       0x20000180        0x4 bin/sensfusion6.o
                0x20000180                q0
 .data.twoKi    0x20000184        0x4 bin/sensfusion6.o
                0x20000184                twoKi
 .data.twoKp    0x20000188        0x4 bin/sensfusion6.o
                0x20000188                twoKp
 .data.V_SREVISION
                0x2000018c        0x4 bin/version.o
                0x2000018c                V_SREVISION
 .data.V_STAG   0x20000190        0x4 bin/version.o
                0x20000190                V_STAG
 .data.V_SLOCAL_REVISION
                0x20000194        0x4 bin/version.o
                0x20000194                V_SLOCAL_REVISION
 .data.__fdlib_version
                0x20000198        0x1 /home/gritbear/bin/gcc-arm-none-eabi/bin/../lib/gcc/arm-none-eabi/4.7.3/../../../../arm-none-eabi/lib/armv7-m/libm.a(lib_a-s_lib_ver.o)
                0x20000198                __fdlib_version
 *fill*         0x20000199        0x3 00
 .data.__ctype_ptr__
                0x2000019c        0x4 /home/gritbear/bin/gcc-arm-none-eabi/bin/../lib/gcc/arm-none-eabi/4.7.3/../../../../arm-none-eabi/lib/armv7-m/libc.a(lib_a-ctype_.o)
                0x2000019c                __ctype_ptr__
 *(.RAMtext)
                0x200001a0                . = ALIGN (0x4)
                0x200001a0                _edata = .

.igot.plt       0x200001a0        0x0 load address 0x0800c0bc
 .igot.plt      0x00000000        0x0 /home/gritbear/bin/gcc-arm-none-eabi/bin/../lib/gcc/arm-none-eabi/4.7.3/armv7-m/crtbegin.o

.bss            0x200001a0     0x4b20 load address 0x0800c0bc
                0x200001a0                . = ALIGN (0x4)
                0x200001a0                _sbss = .
 *(.bss)
 *(.bss.*)
 .bss.uxMissedTicks
                0x200001a0        0x4 bin/tasks.o
 .bss.pxDelayedTaskList
                0x200001a4        0x4 bin/tasks.o
 .bss.xSchedulerRunning
                0x200001a8        0x4 bin/tasks.o
 .bss.uxSchedulerSuspended
                0x200001ac        0x4 bin/tasks.o
 .bss.xNumOfOverflows
                0x200001b0        0x4 bin/tasks.o
 .bss.xDelayedTaskList2
                0x200001b4       0x14 bin/tasks.o
 .bss.pxReadyTasksLists
                0x200001c8       0x64 bin/tasks.o
 .bss.pxCurrentTCB
                0x2000022c        0x4 bin/tasks.o
                0x2000022c                pxCurrentTCB
 .bss.xPendingReadyList
                0x20000230       0x14 bin/tasks.o
 .bss.xTickCount
                0x20000244        0x4 bin/tasks.o
 .bss.pxOverflowDelayedTaskList
                0x20000248        0x4 bin/tasks.o
 .bss.uxTopReadyPriority
                0x2000024c        0x4 bin/tasks.o
 .bss.uxTaskNumber
                0x20000250        0x4 bin/tasks.o
 .bss.xDelayedTaskList1
                0x20000254       0x14 bin/tasks.o
 .bss.xMissedYield
                0x20000268        0x4 bin/tasks.o
 .bss.uxCurrentNumberOfTasks
                0x2000026c        0x4 bin/tasks.o
 .bss.uxTopUsedPriority
                0x20000270        0x4 bin/tasks.o
 .bss.pxCurrentTimerList
                0x20000274        0x4 bin/timers.o
 .bss.xLastTime.6281
                0x20000278        0x4 bin/timers.o
 .bss.xActiveTimerList1
                0x2000027c       0x14 bin/timers.o
 .bss.xActiveTimerList2
                0x20000290       0x14 bin/timers.o
 .bss.xTimerQueue
                0x200002a4        0x4 bin/timers.o
 .bss.pxOverflowTimerList
                0x200002a8        0x4 bin/timers.o
 .bss.pxEnd     0x200002ac        0x4 bin/heap_4.o
 .bss.xStart    0x200002b0        0x8 bin/heap_4.o
 .bss.ucHeap    0x200002b8     0x3a98 bin/heap_4.o
 .bss.isInit    0x20003d50        0x1 bin/led.o
 *fill*         0x20003d51        0x3 00
 .bss.waitUntilSendDone
                0x20003d54        0x4 bin/uart.o
                0x20003d54                waitUntilSendDone
 .bss.crcIndex  0x20003d58        0x1 bin/uart.o
 .bss.rxDataInterrupt
                0x20003d59        0x1 bin/uart.o
 *fill*         0x20003d5a        0x2 00
 .bss.xHigherPriorityTaskWoken
                0x20003d5c        0x4 bin/uart.o
 .bss.dataIndex
                0x20003d60        0x1 bin/uart.o
 .bss.dataSize  0x20003d61        0x1 bin/uart.o
 .bss.outBuffer
                0x20003d62       0x40 bin/uart.o
 *fill*         0x20003da2        0x2 00
 .bss.uartDataDelivery
                0x20003da4        0x4 bin/uart.o
 .bss.proximFront
                0x20003da8        0x4 bin/adc.o
 .bss.isInit    0x20003dac        0x1 bin/adc.o
 *fill*         0x20003dad        0x3 00
 .bss.proximBottom
                0x20003db0        0x4 bin/adc.o
 .bss.interruptCb
                0x20003db4        0x4 bin/nrf24l01.o
 .bss.isInit    0x20003db8        0x1 bin/nrf24l01.o
 .bss.isInit    0x20003db9        0x1 bin/exti.o
 .bss.isInit    0x20003dba        0x1 bin/motors.o
 .bss.devAddr   0x20003dbb        0x1 bin/mpu6050.o
 .bss.isInit    0x20003dbc        0x1 bin/mpu6050.o
 *fill*         0x20003dbd        0x3 00
 .bss.I2Cx      0x20003dc0        0x4 bin/mpu6050.o
 .bss.buffer    0x20003dc4        0xe bin/mpu6050.o
 .bss.buffer.6377
                0x20003dd2       0x11 bin/i2cdev.o
 .bss.Tx_Idx1   0x20003de3        0x1 bin/i2croutines.o
                0x20003de3                Tx_Idx1
 .bss.I2CDirection
                0x20003de4        0x4 bin/i2croutines.o
                0x20003de4                I2CDirection
 .bss.Rx_Idx1   0x20003de8        0x1 bin/i2croutines.o
                0x20003de8                Rx_Idx1
 .bss.isInit    0x20003de9        0x1 bin/hmc5883l.o
 *fill*         0x20003dea        0x2 00
 .bss.I2Cx      0x20003dec        0x4 bin/hmc5883l.o
 .bss.devAddr   0x20003df0        0x1 bin/ms5611.o
 *fill*         0x20003df1        0x1 00
 .bss.calReg    0x20003df2        0xc bin/ms5611.o
 *fill*         0x20003dfe        0x2 00
 .bss.I2Cx      0x20003e00        0x4 bin/ms5611.o
 .bss.isInit    0x20003e04        0x1 bin/ms5611.o
 *fill*         0x20003e05        0x3 00
 .bss.queues    0x20003e08       0x40 bin/crtp.o
 .bss.rxQueue   0x20003e48        0x4 bin/crtp.o
 .bss.tmpQueue  0x20003e4c        0x4 bin/crtp.o
 .bss.isInit    0x20003e50        0x1 bin/crtp.o
 *fill*         0x20003e51        0x3 00
 .bss.droppedPacket.6542
                0x20003e54        0x4 bin/crtp.o
 .bss.callbacks
                0x20003e58       0x40 bin/crtp.o
 .bss.state     0x20003e98       0x48 bin/ledseq.o
 .bss.isInit    0x20003ee0        0x1 bin/ledseq.o
 *fill*         0x20003ee1        0x3 00
 .bss.activeSeq
                0x20003ee4        0x8 bin/ledseq.o
 .bss.timer     0x20003eec        0x8 bin/ledseq.o
 .bss.ledseqSem
                0x20003ef4        0x4 bin/ledseq.o
 .bss.isMs5611Present
                0x20003ef8        0x1 bin/imu.o
 .bss.isHmc5883lPresent
                0x20003ef9        0x1 bin/imu.o
 .bss.isMpu6050TestPassed
                0x20003efa        0x1 bin/imu.o
 .bss.isInit    0x20003efb        0x1 bin/imu.o
 .bss.isMs5611TestPassed
                0x20003efc        0x1 bin/imu.o
 .bss.isHmc5883lTestPassed
                0x20003efd        0x1 bin/imu.o
 *fill*         0x20003efe        0x2 00
 .bss.batteryVoltageMax
                0x20003f00        0x4 bin/pm.o
 .bss.batteryLowTimeStamp